<?xml version="1.0"?>
<link_info>
   <banner>MSP430 Linker PC v16.9.4.LTS</banner>
   <copyright>Copyright (c) 2003-2017 Texas Instruments Incorporated</copyright>
   <link_time>0x59c395e8</link_time>
   <link_errors>0x0</link_errors>
   <output_file>LaunchPad_trx_demo.out</output_file>
   <entry_point>
      <name>_c_int00_noargs_noexit</name>
      <address>0xc8f0</address>
   </entry_point>
   <input_file_list>
      <input_file id="fl-2">
         <path>.\</path>
         <kind>object</kind>
         <file>LaunchPad_trx_demo.obj</file>
         <name>LaunchPad_trx_demo.obj</name>
      </input_file>
      <input_file id="fl-3">
         <path>.\</path>
         <kind>object</kind>
         <file>LaunchPad_trx_main.obj</file>
         <name>LaunchPad_trx_main.obj</name>
      </input_file>
      <input_file id="fl-4">
         <path>.\hal_mcu\</path>
         <kind>object</kind>
         <file>hal_f2_timerA0.obj</file>
         <name>hal_f2_timerA0.obj</name>
      </input_file>
      <input_file id="fl-5">
         <path>.\hal_mcu\</path>
         <kind>object</kind>
         <file>hal_f2_timerB0.obj</file>
         <name>hal_f2_timerB0.obj</name>
      </input_file>
      <input_file id="fl-6">
         <path>.\hal_mcu\</path>
         <kind>object</kind>
         <file>hal_f5_timerB0.obj</file>
         <name>hal_f5_timerB0.obj</name>
      </input_file>
      <input_file id="fl-7">
         <path>.\hal_mcu\</path>
         <kind>object</kind>
         <file>hal_mcu.obj</file>
         <name>hal_mcu.obj</name>
      </input_file>
      <input_file id="fl-8">
         <path>.\radio_drv\cc1101_drv\</path>
         <kind>object</kind>
         <file>cc1101_drv.obj</file>
         <name>cc1101_drv.obj</name>
      </input_file>
      <input_file id="fl-9">
         <path>.\radio_drv\cc1101_drv\</path>
         <kind>object</kind>
         <file>cc1101_utils.obj</file>
         <name>cc1101_utils.obj</name>
      </input_file>
      <input_file id="fl-a">
         <path>.\radio_drv\cc1190_drv\</path>
         <kind>object</kind>
         <file>cc1190_drv.obj</file>
         <name>cc1190_drv.obj</name>
      </input_file>
      <input_file id="fl-b">
         <path>.\radio_drv\</path>
         <kind>object</kind>
         <file>hal_spi_rf.obj</file>
         <name>hal_spi_rf.obj</name>
      </input_file>
      <input_file id="fl-c">
         <path>.\uart_drv\</path>
         <kind>object</kind>
         <file>circ_buf.obj</file>
         <name>circ_buf.obj</name>
      </input_file>
      <input_file id="fl-d">
         <path>.\uart_drv\</path>
         <kind>object</kind>
         <file>ee_printf.obj</file>
         <name>ee_printf.obj</name>
      </input_file>
      <input_file id="fl-e">
         <path>.\uart_drv\</path>
         <kind>object</kind>
         <file>uart_drv.obj</file>
         <name>uart_drv.obj</name>
      </input_file>
      <input_file id="fl-13">
         <kind>object</kind>
         <file>&lt;internal&gt;</file>
         <name>&lt;internal&gt;</name>
      </input_file>
      <input_file id="fl-14">
         <path>D:\Program Files\ti\ccsv7\tools\compiler\ti-cgt-msp430_16.9.4.LTS\lib\</path>
         <kind>archive</kind>
         <file>rts430_eabi.lib</file>
         <name>asr16.obj</name>
      </input_file>
      <input_file id="fl-15">
         <path>D:\Program Files\ti\ccsv7\tools\compiler\ti-cgt-msp430_16.9.4.LTS\lib\</path>
         <kind>archive</kind>
         <file>rts430_eabi.lib</file>
         <name>boot.obj</name>
      </input_file>
      <input_file id="fl-16">
         <path>D:\Program Files\ti\ccsv7\tools\compiler\ti-cgt-msp430_16.9.4.LTS\lib\</path>
         <kind>archive</kind>
         <file>rts430_eabi.lib</file>
         <name>boot_special.obj</name>
      </input_file>
      <input_file id="fl-17">
         <path>D:\Program Files\ti\ccsv7\tools\compiler\ti-cgt-msp430_16.9.4.LTS\lib\</path>
         <kind>archive</kind>
         <file>rts430_eabi.lib</file>
         <name>copy_decompress_lzss.obj</name>
      </input_file>
      <input_file id="fl-18">
         <path>D:\Program Files\ti\ccsv7\tools\compiler\ti-cgt-msp430_16.9.4.LTS\lib\</path>
         <kind>archive</kind>
         <file>rts430_eabi.lib</file>
         <name>copy_decompress_none.obj</name>
      </input_file>
      <input_file id="fl-19">
         <path>D:\Program Files\ti\ccsv7\tools\compiler\ti-cgt-msp430_16.9.4.LTS\lib\</path>
         <kind>archive</kind>
         <file>rts430_eabi.lib</file>
         <name>copy_zero_init.obj</name>
      </input_file>
      <input_file id="fl-1a">
         <path>D:\Program Files\ti\ccsv7\tools\compiler\ti-cgt-msp430_16.9.4.LTS\lib\</path>
         <kind>archive</kind>
         <file>rts430_eabi.lib</file>
         <name>div16s.obj</name>
      </input_file>
      <input_file id="fl-1b">
         <path>D:\Program Files\ti\ccsv7\tools\compiler\ti-cgt-msp430_16.9.4.LTS\lib\</path>
         <kind>archive</kind>
         <file>rts430_eabi.lib</file>
         <name>div16u.obj</name>
      </input_file>
      <input_file id="fl-1c">
         <path>D:\Program Files\ti\ccsv7\tools\compiler\ti-cgt-msp430_16.9.4.LTS\lib\</path>
         <kind>archive</kind>
         <file>rts430_eabi.lib</file>
         <name>div32u.obj</name>
      </input_file>
      <input_file id="fl-1d">
         <path>D:\Program Files\ti\ccsv7\tools\compiler\ti-cgt-msp430_16.9.4.LTS\lib\</path>
         <kind>archive</kind>
         <file>rts430_eabi.lib</file>
         <name>epilog.obj</name>
      </input_file>
      <input_file id="fl-1e">
         <path>D:\Program Files\ti\ccsv7\tools\compiler\ti-cgt-msp430_16.9.4.LTS\lib\</path>
         <kind>archive</kind>
         <file>rts430_eabi.lib</file>
         <name>exit.obj</name>
      </input_file>
      <input_file id="fl-1f">
         <path>D:\Program Files\ti\ccsv7\tools\compiler\ti-cgt-msp430_16.9.4.LTS\lib\</path>
         <kind>archive</kind>
         <file>rts430_eabi.lib</file>
         <name>exit_gvars.obj</name>
      </input_file>
      <input_file id="fl-20">
         <path>D:\Program Files\ti\ccsv7\tools\compiler\ti-cgt-msp430_16.9.4.LTS\lib\</path>
         <kind>archive</kind>
         <file>rts430_eabi.lib</file>
         <name>fs_div.obj</name>
      </input_file>
      <input_file id="fl-21">
         <path>D:\Program Files\ti\ccsv7\tools\compiler\ti-cgt-msp430_16.9.4.LTS\lib\</path>
         <kind>archive</kind>
         <file>rts430_eabi.lib</file>
         <name>fs_toul.obj</name>
      </input_file>
      <input_file id="fl-22">
         <path>D:\Program Files\ti\ccsv7\tools\compiler\ti-cgt-msp430_16.9.4.LTS\lib\</path>
         <kind>archive</kind>
         <file>rts430_eabi.lib</file>
         <name>fs_ultof.obj</name>
      </input_file>
      <input_file id="fl-23">
         <path>D:\Program Files\ti\ccsv7\tools\compiler\ti-cgt-msp430_16.9.4.LTS\lib\</path>
         <kind>archive</kind>
         <file>rts430_eabi.lib</file>
         <name>int00.obj</name>
      </input_file>
      <input_file id="fl-24">
         <path>D:\Program Files\ti\ccsv7\tools\compiler\ti-cgt-msp430_16.9.4.LTS\lib\</path>
         <kind>archive</kind>
         <file>rts430_eabi.lib</file>
         <name>int02.obj</name>
      </input_file>
      <input_file id="fl-25">
         <path>D:\Program Files\ti\ccsv7\tools\compiler\ti-cgt-msp430_16.9.4.LTS\lib\</path>
         <kind>archive</kind>
         <file>rts430_eabi.lib</file>
         <name>int05.obj</name>
      </input_file>
      <input_file id="fl-26">
         <path>D:\Program Files\ti\ccsv7\tools\compiler\ti-cgt-msp430_16.9.4.LTS\lib\</path>
         <kind>archive</kind>
         <file>rts430_eabi.lib</file>
         <name>int10.obj</name>
      </input_file>
      <input_file id="fl-27">
         <path>D:\Program Files\ti\ccsv7\tools\compiler\ti-cgt-msp430_16.9.4.LTS\lib\</path>
         <kind>archive</kind>
         <file>rts430_eabi.lib</file>
         <name>int11.obj</name>
      </input_file>
      <input_file id="fl-28">
         <path>D:\Program Files\ti\ccsv7\tools\compiler\ti-cgt-msp430_16.9.4.LTS\lib\</path>
         <kind>archive</kind>
         <file>rts430_eabi.lib</file>
         <name>int12.obj</name>
      </input_file>
      <input_file id="fl-29">
         <path>D:\Program Files\ti\ccsv7\tools\compiler\ti-cgt-msp430_16.9.4.LTS\lib\</path>
         <kind>archive</kind>
         <file>rts430_eabi.lib</file>
         <name>int13.obj</name>
      </input_file>
      <input_file id="fl-2a">
         <path>D:\Program Files\ti\ccsv7\tools\compiler\ti-cgt-msp430_16.9.4.LTS\lib\</path>
         <kind>archive</kind>
         <file>rts430_eabi.lib</file>
         <name>int14.obj</name>
      </input_file>
      <input_file id="fl-2b">
         <path>D:\Program Files\ti\ccsv7\tools\compiler\ti-cgt-msp430_16.9.4.LTS\lib\</path>
         <kind>archive</kind>
         <file>rts430_eabi.lib</file>
         <name>isr_trap.obj</name>
      </input_file>
      <input_file id="fl-2c">
         <path>D:\Program Files\ti\ccsv7\tools\compiler\ti-cgt-msp430_16.9.4.LTS\lib\</path>
         <kind>archive</kind>
         <file>rts430_eabi.lib</file>
         <name>lsl16.obj</name>
      </input_file>
      <input_file id="fl-2d">
         <path>D:\Program Files\ti\ccsv7\tools\compiler\ti-cgt-msp430_16.9.4.LTS\lib\</path>
         <kind>archive</kind>
         <file>rts430_eabi.lib</file>
         <name>lsr16.obj</name>
      </input_file>
      <input_file id="fl-2e">
         <path>D:\Program Files\ti\ccsv7\tools\compiler\ti-cgt-msp430_16.9.4.LTS\lib\</path>
         <kind>archive</kind>
         <file>rts430_eabi.lib</file>
         <name>lsr32.obj</name>
      </input_file>
      <input_file id="fl-2f">
         <path>D:\Program Files\ti\ccsv7\tools\compiler\ti-cgt-msp430_16.9.4.LTS\lib\</path>
         <kind>archive</kind>
         <file>rts430_eabi.lib</file>
         <name>memcpy.obj</name>
      </input_file>
      <input_file id="fl-30">
         <path>D:\Program Files\ti\ccsv7\tools\compiler\ti-cgt-msp430_16.9.4.LTS\lib\</path>
         <kind>archive</kind>
         <file>rts430_eabi.lib</file>
         <name>mpu_init.obj</name>
      </input_file>
      <input_file id="fl-31">
         <path>D:\Program Files\ti\ccsv7\tools\compiler\ti-cgt-msp430_16.9.4.LTS\lib\</path>
         <kind>archive</kind>
         <file>rts430_eabi.lib</file>
         <name>mult16.obj</name>
      </input_file>
      <input_file id="fl-32">
         <path>D:\Program Files\ti\ccsv7\tools\compiler\ti-cgt-msp430_16.9.4.LTS\lib\</path>
         <kind>archive</kind>
         <file>rts430_eabi.lib</file>
         <name>mult32.obj</name>
      </input_file>
      <input_file id="fl-33">
         <path>D:\Program Files\ti\ccsv7\tools\compiler\ti-cgt-msp430_16.9.4.LTS\lib\</path>
         <kind>archive</kind>
         <file>rts430_eabi.lib</file>
         <name>pre_init.obj</name>
      </input_file>
      <input_file id="fl-34">
         <path>D:\Program Files\ti\ccsv7\tools\compiler\ti-cgt-msp430_16.9.4.LTS\lib\</path>
         <kind>archive</kind>
         <file>rts430_eabi.lib</file>
         <name>_lock.obj</name>
      </input_file>
      <input_file id="fl-35">
         <path>D:\Program Files\ti\ccsv7\tools\compiler\ti-cgt-msp430_16.9.4.LTS\lib\</path>
         <kind>archive</kind>
         <file>rts430_eabi.lib</file>
         <name>args_main.obj</name>
      </input_file>
      <input_file id="fl-36">
         <path>D:\Program Files\ti\ccsv7\tools\compiler\ti-cgt-msp430_16.9.4.LTS\lib\</path>
         <kind>archive</kind>
         <file>rts430_eabi.lib</file>
         <name>autoinit.obj</name>
      </input_file>
      <input_file id="fl-37">
         <path>D:\Program Files\ti\ccsv7\tools\compiler\ti-cgt-msp430_16.9.4.LTS\lib\</path>
         <kind>archive</kind>
         <file>rts430_eabi.lib</file>
         <name>cpy_tbl.obj</name>
      </input_file>
      <input_file id="fl-38">
         <path>D:\Program Files\ti\ccsv7\tools\compiler\ti-cgt-msp430_16.9.4.LTS\lib\</path>
         <kind>archive</kind>
         <file>rts430_eabi.lib</file>
         <name>startup.obj</name>
      </input_file>
   </input_file_list>
   <object_component_list>
      <object_component id="oc-1fc">
         <name>.common:txBuffer</name>
         <uninitialized>true</uninitialized>
         <run_address>0x200</run_address>
         <size>0x40</size>
      </object_component>
      <object_component id="oc-1f3">
         <name>.common:trx_cfg</name>
         <uninitialized>true</uninitialized>
         <run_address>0x240</run_address>
         <size>0x20</size>
      </object_component>
      <object_component id="oc-1b8">
         <name>.common:timer_event</name>
         <uninitialized>true</uninitialized>
         <run_address>0x276</run_address>
         <size>0x1</size>
      </object_component>
      <object_component id="oc-26f">
         <name>.common:paTable</name>
         <uninitialized>true</uninitialized>
         <run_address>0x272</run_address>
         <size>0x2</size>
      </object_component>
      <object_component id="oc-195">
         <name>.common:uart_tx_buf</name>
         <uninitialized>true</uninitialized>
         <run_address>0x268</run_address>
         <size>0x8</size>
      </object_component>
      <object_component id="oc-1a8">
         <name>.common:uart_rx_buf</name>
         <uninitialized>true</uninitialized>
         <run_address>0x260</run_address>
         <size>0x8</size>
      </object_component>
      <object_component id="oc-1b6">
         <name>.common:rx_str_length</name>
         <uninitialized>true</uninitialized>
         <run_address>0x275</run_address>
         <size>0x1</size>
      </object_component>
      <object_component id="oc-1b5">
         <name>.common:rx_end_of_str</name>
         <uninitialized>true</uninitialized>
         <run_address>0x274</run_address>
         <size>0x1</size>
      </object_component>
      <object_component id="oc-2a2">
         <name>.common:isr_flag</name>
         <uninitialized>true</uninitialized>
         <run_address>0x270</run_address>
         <size>0x2</size>
      </object_component>
      <object_component id="oc-191">
         <name>.data</name>
         <load_address>0x279</load_address>
         <run_address>0x279</run_address>
         <size>0x1</size>
         <input_file_ref idref="fl-8"/>
      </object_component>
      <object_component id="oc-19e">
         <name>.data</name>
         <load_address>0x277</load_address>
         <run_address>0x277</run_address>
         <size>0x2</size>
         <input_file_ref idref="fl-e"/>
      </object_component>
      <object_component id="oc-ee">
         <name>.stack</name>
         <uninitialized>true</uninitialized>
         <run_address>0x388</run_address>
         <size>0x2</size>
         <input_file_ref idref="fl-15"/>
      </object_component>
      <object_component id="oc-339">
         <name>.stack</name>
         <uninitialized>true</uninitialized>
         <run_address>0x388</run_address>
         <size>0x0</size>
      </object_component>
      <object_component id="oc-1e8">
         <name>.text:radio_init</name>
         <load_address>0xc000</load_address>
         <run_address>0xc000</run_address>
         <size>0xa0</size>
         <input_file_ref idref="fl-8"/>
      </object_component>
      <object_component id="oc-2d8">
         <name>.text</name>
         <load_address>0xc0a0</load_address>
         <run_address>0xc0a0</run_address>
         <size>0x9c</size>
         <input_file_ref idref="fl-20"/>
      </object_component>
      <object_component id="oc-1fd">
         <name>.text:tx_ber_single</name>
         <load_address>0xc13c</load_address>
         <run_address>0xc13c</run_address>
         <size>0x82</size>
         <input_file_ref idref="fl-2"/>
      </object_component>
      <object_component id="oc-31">
         <name>.text:decompress:lzss:__TI_decompress_lzss</name>
         <load_address>0xc1be</load_address>
         <run_address>0xc1be</run_address>
         <size>0x7c</size>
         <input_file_ref idref="fl-17"/>
      </object_component>
      <object_component id="oc-27b">
         <name>.text:get_device_id</name>
         <load_address>0xc23a</load_address>
         <run_address>0xc23a</run_address>
         <size>0x74</size>
         <input_file_ref idref="fl-9"/>
      </object_component>
      <object_component id="oc-2c6">
         <name>.text:trxReadWriteBurstSingle</name>
         <load_address>0xc2ae</load_address>
         <run_address>0xc2ae</run_address>
         <size>0x72</size>
         <input_file_ref idref="fl-b"/>
      </object_component>
      <object_component id="oc-149">
         <name>.text:_auto_init</name>
         <load_address>0xc320</load_address>
         <run_address>0xc320</run_address>
         <size>0x6e</size>
         <input_file_ref idref="fl-36"/>
      </object_component>
      <object_component id="oc-299">
         <name>.text:radio_wait_for_idle</name>
         <load_address>0xc38e</load_address>
         <run_address>0xc38e</run_address>
         <size>0x66</size>
         <input_file_ref idref="fl-8"/>
      </object_component>
      <object_component id="oc-1f6">
         <name>.text:rf_default_setup</name>
         <load_address>0xc3f4</load_address>
         <run_address>0xc3f4</run_address>
         <size>0x5e</size>
         <input_file_ref idref="fl-2"/>
      </object_component>
      <object_component id="oc-1c0">
         <name>.text:copy_in</name>
         <load_address>0xc452</load_address>
         <run_address>0xc452</run_address>
         <size>0x5a</size>
         <input_file_ref idref="fl-37"/>
      </object_component>
      <object_component id="oc-12a">
         <name>.text:USCI0RX_ISR</name>
         <load_address>0xc4ac</load_address>
         <run_address>0xc4ac</run_address>
         <size>0x58</size>
         <input_file_ref idref="fl-e"/>
      </object_component>
      <object_component id="oc-251">
         <name>.text:trxRfSpiInterfaceInit</name>
         <load_address>0xc504</load_address>
         <run_address>0xc504</run_address>
         <size>0x58</size>
         <input_file_ref idref="fl-b"/>
      </object_component>
      <object_component id="oc-28a">
         <name>.text:radio_set_freq</name>
         <load_address>0xc55c</load_address>
         <run_address>0xc55c</run_address>
         <size>0x52</size>
         <input_file_ref idref="fl-8"/>
      </object_component>
      <object_component id="oc-2ec">
         <name>.text:hal_timer_wait</name>
         <load_address>0xc5ae</load_address>
         <run_address>0xc5ae</run_address>
         <size>0x50</size>
         <input_file_ref idref="fl-4"/>
      </object_component>
      <object_component id="oc-163">
         <name>.text:main</name>
         <load_address>0xc5fe</load_address>
         <run_address>0xc5fe</run_address>
         <size>0x4c</size>
         <input_file_ref idref="fl-3"/>
      </object_component>
      <object_component id="oc-2dd">
         <name>.text</name>
         <load_address>0xc64a</load_address>
         <run_address>0xc64a</run_address>
         <size>0x4c</size>
         <input_file_ref idref="fl-21"/>
      </object_component>
      <object_component id="oc-f7">
         <name>.text</name>
         <load_address>0xc696</load_address>
         <run_address>0xc696</run_address>
         <size>0x4c</size>
         <input_file_ref idref="fl-2d"/>
      </object_component>
      <object_component id="oc-269">
         <name>.text:trx8BitRegAccess</name>
         <load_address>0xc6e2</load_address>
         <run_address>0xc6e2</run_address>
         <size>0x3e</size>
         <input_file_ref idref="fl-b"/>
      </object_component>
      <object_component id="oc-124">
         <name>.text:USCI0TX_ISR</name>
         <load_address>0xc720</load_address>
         <run_address>0xc720</run_address>
         <size>0x3c</size>
         <input_file_ref idref="fl-e"/>
      </object_component>
      <object_component id="oc-2d3">
         <name>.text</name>
         <load_address>0xc75c</load_address>
         <run_address>0xc75c</run_address>
         <size>0x32</size>
         <input_file_ref idref="fl-22"/>
      </object_component>
      <object_component id="oc-1a1">
         <name>.text:circ_buf_get_data</name>
         <load_address>0xc78e</load_address>
         <run_address>0xc78e</run_address>
         <size>0x2c</size>
         <input_file_ref idref="fl-c"/>
      </object_component>
      <object_component id="oc-f2">
         <name>.text</name>
         <load_address>0xc7ba</load_address>
         <run_address>0xc7ba</run_address>
         <size>0x2c</size>
         <input_file_ref idref="fl-2c"/>
      </object_component>
      <object_component id="oc-284">
         <name>.text:set_rf_packet_length</name>
         <load_address>0xc7e6</load_address>
         <run_address>0xc7e6</run_address>
         <size>0x2c</size>
         <input_file_ref idref="fl-9"/>
      </object_component>
      <object_component id="oc-1a9">
         <name>.text:circ_buf_put_data</name>
         <load_address>0xc812</load_address>
         <run_address>0xc812</run_address>
         <size>0x2a</size>
         <input_file_ref idref="fl-c"/>
      </object_component>
      <object_component id="oc-257">
         <name>.text:trxSpiCmdStrobe</name>
         <load_address>0xc83c</load_address>
         <run_address>0xc83c</run_address>
         <size>0x2a</size>
         <input_file_ref idref="fl-b"/>
      </object_component>
      <object_component id="oc-1ee">
         <name>.text</name>
         <load_address>0xc866</load_address>
         <run_address>0xc866</run_address>
         <size>0x26</size>
         <input_file_ref idref="fl-32"/>
      </object_component>
      <object_component id="oc-130">
         <name>.text:TIMERB1_ISR</name>
         <load_address>0xc88c</load_address>
         <run_address>0xc88c</run_address>
         <size>0x22</size>
         <input_file_ref idref="fl-4"/>
      </object_component>
      <object_component id="oc-218">
         <name>.text:hal_uart_start_tx</name>
         <load_address>0xc8ae</load_address>
         <run_address>0xc8ae</run_address>
         <size>0x22</size>
         <input_file_ref idref="fl-e"/>
      </object_component>
      <object_component id="oc-293">
         <name>.text:radio_send</name>
         <load_address>0xc8d0</load_address>
         <run_address>0xc8d0</run_address>
         <size>0x20</size>
         <input_file_ref idref="fl-8"/>
      </object_component>
      <object_component id="oc-68">
         <name>.text:_c_int00_noargs_noexit</name>
         <load_address>0xc8f0</load_address>
         <run_address>0xc8f0</run_address>
         <size>0x1a</size>
         <input_file_ref idref="fl-16"/>
      </object_component>
      <object_component id="oc-198">
         <name>.text:circ_buf_remainder</name>
         <load_address>0xc90a</load_address>
         <run_address>0xc90a</run_address>
         <size>0x1a</size>
         <input_file_ref idref="fl-c"/>
      </object_component>
      <object_component id="oc-11e">
         <name>.text:radio_isr</name>
         <load_address>0xc924</load_address>
         <run_address>0xc924</run_address>
         <size>0x1a</size>
         <input_file_ref idref="fl-8"/>
      </object_component>
      <object_component id="oc-4a">
         <name>.text:decompress:ZI:__TI_zero_init</name>
         <load_address>0xc93e</load_address>
         <run_address>0xc93e</run_address>
         <size>0x14</size>
         <input_file_ref idref="fl-19"/>
      </object_component>
      <object_component id="oc-221">
         <name>.text</name>
         <load_address>0xc952</load_address>
         <run_address>0xc952</run_address>
         <size>0x14</size>
         <input_file_ref idref="fl-31"/>
      </object_component>
      <object_component id="oc-37">
         <name>.text:decompress:none:__TI_decompress_none</name>
         <load_address>0xc966</load_address>
         <run_address>0xc966</run_address>
         <size>0x12</size>
         <input_file_ref idref="fl-18"/>
      </object_component>
      <object_component id="oc-10c">
         <name>.text:memcpy</name>
         <load_address>0xc978</load_address>
         <run_address>0xc978</run_address>
         <size>0x12</size>
         <input_file_ref idref="fl-2f"/>
      </object_component>
      <object_component id="oc-fc">
         <name>.text</name>
         <load_address>0xc98a</load_address>
         <run_address>0xc98a</run_address>
         <size>0x10</size>
         <input_file_ref idref="fl-1d"/>
      </object_component>
      <object_component id="oc-1e2">
         <name>.text:msp_setup</name>
         <load_address>0xc99a</load_address>
         <run_address>0xc99a</run_address>
         <size>0xe</size>
         <input_file_ref idref="fl-7"/>
      </object_component>
      <object_component id="oc-1af">
         <name>.text:uart_put_char</name>
         <load_address>0xc9a8</load_address>
         <run_address>0xc9a8</run_address>
         <size>0xe</size>
         <input_file_ref idref="fl-e"/>
      </object_component>
      <object_component id="oc-2e5">
         <name>.text:range_extender_txon</name>
         <load_address>0xc9b6</load_address>
         <run_address>0xc9b6</run_address>
         <size>0xa</size>
         <input_file_ref idref="fl-a"/>
      </object_component>
      <object_component id="oc-136">
         <name>.text:TIMERA0_ISR</name>
         <load_address>0xc9c0</load_address>
         <run_address>0xc9c0</run_address>
         <size>0x8</size>
         <input_file_ref idref="fl-4"/>
      </object_component>
      <object_component id="oc-119">
         <name>.text:_isr:__TI_ISR_TRAP</name>
         <load_address>0xc9c8</load_address>
         <run_address>0xc9c8</run_address>
         <size>0x8</size>
         <input_file_ref idref="fl-2b"/>
      </object_component>
      <object_component id="oc-16b">
         <name>.text:abort</name>
         <load_address>0xc9d0</load_address>
         <run_address>0xc9d0</run_address>
         <size>0x6</size>
         <input_file_ref idref="fl-1e"/>
      </object_component>
      <object_component id="oc-143">
         <name>.text:_system_pre_init</name>
         <load_address>0xc9d6</load_address>
         <run_address>0xc9d6</run_address>
         <size>0x4</size>
         <input_file_ref idref="fl-33"/>
      </object_component>
      <object_component id="oc-1c6">
         <name>.text:_system_post_cinit</name>
         <load_address>0xc9da</load_address>
         <run_address>0xc9da</run_address>
         <size>0x2</size>
         <input_file_ref idref="fl-38"/>
      </object_component>
      <object_component id="oc-2f2">
         <name>.text:range_extender_idle</name>
         <load_address>0xc9dc</load_address>
         <run_address>0xc9dc</run_address>
         <size>0x2</size>
         <input_file_ref idref="fl-a"/>
      </object_component>
      <object_component id="oc-338">
         <name>.cinit..data.load</name>
         <load_address>0xcbe2</load_address>
         <run_address>0xcbe2</run_address>
         <size>0x7</size>
      </object_component>
      <object_component id="oc-335">
         <name>__TI_handler_table</name>
         <load_address>0xcbea</load_address>
         <run_address>0xcbea</run_address>
         <size>0x6</size>
      </object_component>
      <object_component id="oc-337">
         <name>.cinit..bss.load</name>
         <load_address>0xcbf0</load_address>
         <run_address>0xcbf0</run_address>
         <size>0x4</size>
      </object_component>
      <object_component id="oc-336">
         <name>__TI_cinit_table</name>
         <load_address>0xcbf4</load_address>
         <run_address>0xcbf4</run_address>
         <size>0x8</size>
      </object_component>
      <object_component id="oc-266">
         <name>.const:preferredSettings_38400bps</name>
         <load_address>0xc9de</load_address>
         <run_address>0xc9de</run_address>
         <size>0x84</size>
         <input_file_ref idref="fl-8"/>
      </object_component>
      <object_component id="oc-263">
         <name>.const:preferredSettings_250kbps</name>
         <load_address>0xca62</load_address>
         <run_address>0xca62</run_address>
         <size>0x78</size>
         <input_file_ref idref="fl-8"/>
      </object_component>
      <object_component id="oc-25d">
         <name>.const:preferredSettings_1200bps</name>
         <load_address>0xcada</load_address>
         <run_address>0xcada</run_address>
         <size>0x74</size>
         <input_file_ref idref="fl-8"/>
      </object_component>
      <object_component id="oc-260">
         <name>.const:preferredSettings_408mhz</name>
         <load_address>0xcb4e</load_address>
         <run_address>0xcb4e</run_address>
         <size>0x58</size>
         <input_file_ref idref="fl-8"/>
      </object_component>
      <object_component id="oc-290">
         <name>.const:.string:rand_data</name>
         <load_address>0xcba6</load_address>
         <run_address>0xcba6</run_address>
         <size>0x3c</size>
         <input_file_ref idref="fl-3"/>
      </object_component>
      <object_component id="oc-3d">
         <name>.int00</name>
         <load_address>0xffe0</load_address>
         <run_address>0xffe0</run_address>
         <size>0x2</size>
         <input_file_ref idref="fl-23"/>
      </object_component>
      <object_component id="oc-3e">
         <name>.int02</name>
         <load_address>0xffe4</load_address>
         <run_address>0xffe4</run_address>
         <size>0x2</size>
         <input_file_ref idref="fl-24"/>
      </object_component>
      <object_component id="oc-3f">
         <name>.int03</name>
         <load_address>0xffe6</load_address>
         <run_address>0xffe6</run_address>
         <size>0x2</size>
         <input_file_ref idref="fl-8"/>
      </object_component>
      <object_component id="oc-40">
         <name>.int05</name>
         <load_address>0xffea</load_address>
         <run_address>0xffea</run_address>
         <size>0x2</size>
         <input_file_ref idref="fl-25"/>
      </object_component>
      <object_component id="oc-41">
         <name>.int06</name>
         <load_address>0xffec</load_address>
         <run_address>0xffec</run_address>
         <size>0x2</size>
         <input_file_ref idref="fl-e"/>
      </object_component>
      <object_component id="oc-42">
         <name>.int07</name>
         <load_address>0xffee</load_address>
         <run_address>0xffee</run_address>
         <size>0x2</size>
         <input_file_ref idref="fl-e"/>
      </object_component>
      <object_component id="oc-43">
         <name>.int08</name>
         <load_address>0xfff0</load_address>
         <run_address>0xfff0</run_address>
         <size>0x2</size>
         <input_file_ref idref="fl-4"/>
      </object_component>
      <object_component id="oc-44">
         <name>.int09</name>
         <load_address>0xfff2</load_address>
         <run_address>0xfff2</run_address>
         <size>0x2</size>
         <input_file_ref idref="fl-4"/>
      </object_component>
      <object_component id="oc-45">
         <name>.int10</name>
         <load_address>0xfff4</load_address>
         <run_address>0xfff4</run_address>
         <size>0x2</size>
         <input_file_ref idref="fl-26"/>
      </object_component>
      <object_component id="oc-46">
         <name>.int11</name>
         <load_address>0xfff6</load_address>
         <run_address>0xfff6</run_address>
         <size>0x2</size>
         <input_file_ref idref="fl-27"/>
      </object_component>
      <object_component id="oc-47">
         <name>.int12</name>
         <load_address>0xfff8</load_address>
         <run_address>0xfff8</run_address>
         <size>0x2</size>
         <input_file_ref idref="fl-28"/>
      </object_component>
      <object_component id="oc-48">
         <name>.int13</name>
         <load_address>0xfffa</load_address>
         <run_address>0xfffa</run_address>
         <size>0x2</size>
         <input_file_ref idref="fl-29"/>
      </object_component>
      <object_component id="oc-49">
         <name>.int14</name>
         <load_address>0xfffc</load_address>
         <run_address>0xfffc</run_address>
         <size>0x2</size>
         <input_file_ref idref="fl-2a"/>
      </object_component>
      <object_component id="oc-f1">
         <name>.reset</name>
         <load_address>0xfffe</load_address>
         <run_address>0xfffe</run_address>
         <size>0x2</size>
         <input_file_ref idref="fl-15"/>
      </object_component>
      <object_component id="oc-282">
         <name>.debug_info</name>
         <load_address>0x0</load_address>
         <run_address>0x0</run_address>
         <size>0x73d</size>
         <input_file_ref idref="fl-2"/>
      </object_component>
      <object_component id="oc-1fe">
         <name>.debug_info</name>
         <load_address>0x73d</load_address>
         <run_address>0x73d</run_address>
         <size>0x224</size>
         <input_file_ref idref="fl-2"/>
      </object_component>
      <object_component id="oc-1f8">
         <name>.debug_info</name>
         <load_address>0x961</load_address>
         <run_address>0x961</run_address>
         <size>0x180</size>
         <input_file_ref idref="fl-2"/>
      </object_component>
      <object_component id="oc-2b9">
         <name>.debug_info</name>
         <load_address>0xae1</load_address>
         <run_address>0xae1</run_address>
         <size>0x6b</size>
         <input_file_ref idref="fl-2"/>
      </object_component>
      <object_component id="oc-107">
         <name>.debug_info</name>
         <load_address>0xb4c</load_address>
         <run_address>0xb4c</run_address>
         <size>0x84</size>
         <input_file_ref idref="fl-2"/>
      </object_component>
      <object_component id="oc-2b2">
         <name>.debug_info</name>
         <load_address>0xbd0</load_address>
         <run_address>0xbd0</run_address>
         <size>0x94</size>
         <input_file_ref idref="fl-2"/>
      </object_component>
      <object_component id="oc-276">
         <name>.debug_info</name>
         <load_address>0xc64</load_address>
         <run_address>0xc64</run_address>
         <size>0x17a</size>
         <input_file_ref idref="fl-2"/>
      </object_component>
      <object_component id="oc-1f4">
         <name>.debug_info</name>
         <load_address>0xdde</load_address>
         <run_address>0xdde</run_address>
         <size>0x2d3</size>
         <input_file_ref idref="fl-3"/>
      </object_component>
      <object_component id="oc-291">
         <name>.debug_info</name>
         <load_address>0x10b1</load_address>
         <run_address>0x10b1</run_address>
         <size>0xea</size>
         <input_file_ref idref="fl-3"/>
      </object_component>
      <object_component id="oc-164">
         <name>.debug_info</name>
         <load_address>0x119b</load_address>
         <run_address>0x119b</run_address>
         <size>0x180</size>
         <input_file_ref idref="fl-3"/>
      </object_component>
      <object_component id="oc-1b9">
         <name>.debug_info</name>
         <load_address>0x131b</load_address>
         <run_address>0x131b</run_address>
         <size>0x30c</size>
         <input_file_ref idref="fl-4"/>
      </object_component>
      <object_component id="oc-2ed">
         <name>.debug_info</name>
         <load_address>0x1627</load_address>
         <run_address>0x1627</run_address>
         <size>0x1a3</size>
         <input_file_ref idref="fl-4"/>
      </object_component>
      <object_component id="oc-131">
         <name>.debug_info</name>
         <load_address>0x17ca</load_address>
         <run_address>0x17ca</run_address>
         <size>0x144</size>
         <input_file_ref idref="fl-4"/>
      </object_component>
      <object_component id="oc-137">
         <name>.debug_info</name>
         <load_address>0x190e</load_address>
         <run_address>0x190e</run_address>
         <size>0x144</size>
         <input_file_ref idref="fl-4"/>
      </object_component>
      <object_component id="oc-1e5">
         <name>.debug_info</name>
         <load_address>0x1a52</load_address>
         <run_address>0x1a52</run_address>
         <size>0x127</size>
         <input_file_ref idref="fl-7"/>
      </object_component>
      <object_component id="oc-270">
         <name>.debug_info</name>
         <load_address>0x1b79</load_address>
         <run_address>0x1b79</run_address>
         <size>0x48f</size>
         <input_file_ref idref="fl-8"/>
      </object_component>
      <object_component id="oc-192">
         <name>.debug_info</name>
         <load_address>0x2008</load_address>
         <run_address>0x2008</run_address>
         <size>0xff</size>
         <input_file_ref idref="fl-8"/>
      </object_component>
      <object_component id="oc-25e">
         <name>.debug_info</name>
         <load_address>0x2107</load_address>
         <run_address>0x2107</run_address>
         <size>0x117</size>
         <input_file_ref idref="fl-8"/>
      </object_component>
      <object_component id="oc-267">
         <name>.debug_info</name>
         <load_address>0x221e</load_address>
         <run_address>0x221e</run_address>
         <size>0x119</size>
         <input_file_ref idref="fl-8"/>
      </object_component>
      <object_component id="oc-264">
         <name>.debug_info</name>
         <load_address>0x2337</load_address>
         <run_address>0x2337</run_address>
         <size>0x117</size>
         <input_file_ref idref="fl-8"/>
      </object_component>
      <object_component id="oc-261">
         <name>.debug_info</name>
         <load_address>0x244e</load_address>
         <run_address>0x244e</run_address>
         <size>0x115</size>
         <input_file_ref idref="fl-8"/>
      </object_component>
      <object_component id="oc-29b">
         <name>.debug_info</name>
         <load_address>0x2563</load_address>
         <run_address>0x2563</run_address>
         <size>0x21d</size>
         <input_file_ref idref="fl-8"/>
      </object_component>
      <object_component id="oc-28c">
         <name>.debug_info</name>
         <load_address>0x2780</load_address>
         <run_address>0x2780</run_address>
         <size>0x21c</size>
         <input_file_ref idref="fl-8"/>
      </object_component>
      <object_component id="oc-295">
         <name>.debug_info</name>
         <load_address>0x299c</load_address>
         <run_address>0x299c</run_address>
         <size>0x213</size>
         <input_file_ref idref="fl-8"/>
      </object_component>
      <object_component id="oc-120">
         <name>.debug_info</name>
         <load_address>0x2baf</load_address>
         <run_address>0x2baf</run_address>
         <size>0x15b</size>
         <input_file_ref idref="fl-8"/>
      </object_component>
      <object_component id="oc-1eb">
         <name>.debug_info</name>
         <load_address>0x2d0a</load_address>
         <run_address>0x2d0a</run_address>
         <size>0x29f</size>
         <input_file_ref idref="fl-8"/>
      </object_component>
      <object_component id="oc-285">
         <name>.debug_info</name>
         <load_address>0x2fa9</load_address>
         <run_address>0x2fa9</run_address>
         <size>0x1ec</size>
         <input_file_ref idref="fl-9"/>
      </object_component>
      <object_component id="oc-27c">
         <name>.debug_info</name>
         <load_address>0x3195</load_address>
         <run_address>0x3195</run_address>
         <size>0x1d7</size>
         <input_file_ref idref="fl-9"/>
      </object_component>
      <object_component id="oc-2e7">
         <name>.debug_info</name>
         <load_address>0x336c</load_address>
         <run_address>0x336c</run_address>
         <size>0x16b</size>
         <input_file_ref idref="fl-a"/>
      </object_component>
      <object_component id="oc-2f3">
         <name>.debug_info</name>
         <load_address>0x34d7</load_address>
         <run_address>0x34d7</run_address>
         <size>0x16b</size>
         <input_file_ref idref="fl-a"/>
      </object_component>
      <object_component id="oc-2b7">
         <name>.debug_info</name>
         <load_address>0x3642</load_address>
         <run_address>0x3642</run_address>
         <size>0x2d7</size>
         <input_file_ref idref="fl-b"/>
      </object_component>
      <object_component id="oc-25a">
         <name>.debug_info</name>
         <load_address>0x3919</load_address>
         <run_address>0x3919</run_address>
         <size>0x174</size>
         <input_file_ref idref="fl-b"/>
      </object_component>
      <object_component id="oc-252">
         <name>.debug_info</name>
         <load_address>0x3a8d</load_address>
         <run_address>0x3a8d</run_address>
         <size>0x198</size>
         <input_file_ref idref="fl-b"/>
      </object_component>
      <object_component id="oc-2c9">
         <name>.debug_info</name>
         <load_address>0x3c25</load_address>
         <run_address>0x3c25</run_address>
         <size>0x1cc</size>
         <input_file_ref idref="fl-b"/>
      </object_component>
      <object_component id="oc-26a">
         <name>.debug_info</name>
         <load_address>0x3df1</load_address>
         <run_address>0x3df1</run_address>
         <size>0x214</size>
         <input_file_ref idref="fl-b"/>
      </object_component>
      <object_component id="oc-213">
         <name>.debug_info</name>
         <load_address>0x4005</load_address>
         <run_address>0x4005</run_address>
         <size>0x158</size>
         <input_file_ref idref="fl-c"/>
      </object_component>
      <object_component id="oc-199">
         <name>.debug_info</name>
         <load_address>0x415d</load_address>
         <run_address>0x415d</run_address>
         <size>0x182</size>
         <input_file_ref idref="fl-c"/>
      </object_component>
      <object_component id="oc-1aa">
         <name>.debug_info</name>
         <load_address>0x42df</load_address>
         <run_address>0x42df</run_address>
         <size>0x1a2</size>
         <input_file_ref idref="fl-c"/>
      </object_component>
      <object_component id="oc-1a2">
         <name>.debug_info</name>
         <load_address>0x4481</load_address>
         <run_address>0x4481</run_address>
         <size>0x193</size>
         <input_file_ref idref="fl-c"/>
      </object_component>
      <object_component id="oc-20d">
         <name>.debug_info</name>
         <load_address>0x4614</load_address>
         <run_address>0x4614</run_address>
         <size>0x86</size>
         <input_file_ref idref="fl-c"/>
      </object_component>
      <object_component id="oc-196">
         <name>.debug_info</name>
         <load_address>0x469a</load_address>
         <run_address>0x469a</run_address>
         <size>0x53b</size>
         <input_file_ref idref="fl-e"/>
      </object_component>
      <object_component id="oc-19f">
         <name>.debug_info</name>
         <load_address>0x4bd5</load_address>
         <run_address>0x4bd5</run_address>
         <size>0x10e</size>
         <input_file_ref idref="fl-e"/>
      </object_component>
      <object_component id="oc-219">
         <name>.debug_info</name>
         <load_address>0x4ce3</load_address>
         <run_address>0x4ce3</run_address>
         <size>0x140</size>
         <input_file_ref idref="fl-e"/>
      </object_component>
      <object_component id="oc-1b0">
         <name>.debug_info</name>
         <load_address>0x4e23</load_address>
         <run_address>0x4e23</run_address>
         <size>0x196</size>
         <input_file_ref idref="fl-e"/>
      </object_component>
      <object_component id="oc-125">
         <name>.debug_info</name>
         <load_address>0x4fb9</load_address>
         <run_address>0x4fb9</run_address>
         <size>0x166</size>
         <input_file_ref idref="fl-e"/>
      </object_component>
      <object_component id="oc-12b">
         <name>.debug_info</name>
         <load_address>0x511f</load_address>
         <run_address>0x511f</run_address>
         <size>0x19d</size>
         <input_file_ref idref="fl-e"/>
      </object_component>
      <object_component id="oc-ef">
         <name>.debug_info</name>
         <load_address>0x52bc</load_address>
         <run_address>0x52bc</run_address>
         <size>0xf5</size>
         <input_file_ref idref="fl-15"/>
      </object_component>
      <object_component id="oc-6a">
         <name>.debug_info</name>
         <load_address>0x53b1</load_address>
         <run_address>0x53b1</run_address>
         <size>0x196</size>
         <input_file_ref idref="fl-16"/>
      </object_component>
      <object_component id="oc-181">
         <name>.debug_info</name>
         <load_address>0x5547</load_address>
         <run_address>0x5547</run_address>
         <size>0x16b</size>
         <input_file_ref idref="fl-17"/>
      </object_component>
      <object_component id="oc-33">
         <name>.debug_info</name>
         <load_address>0x56b2</load_address>
         <run_address>0x56b2</run_address>
         <size>0x287</size>
         <input_file_ref idref="fl-17"/>
      </object_component>
      <object_component id="oc-102">
         <name>.debug_info</name>
         <load_address>0x5939</load_address>
         <run_address>0x5939</run_address>
         <size>0x60</size>
         <input_file_ref idref="fl-17"/>
      </object_component>
      <object_component id="oc-17c">
         <name>.debug_info</name>
         <load_address>0x5999</load_address>
         <run_address>0x5999</run_address>
         <size>0x46</size>
         <input_file_ref idref="fl-17"/>
      </object_component>
      <object_component id="oc-118">
         <name>.debug_info</name>
         <load_address>0x59df</load_address>
         <run_address>0x59df</run_address>
         <size>0x1b2</size>
         <input_file_ref idref="fl-18"/>
      </object_component>
      <object_component id="oc-3b">
         <name>.debug_info</name>
         <load_address>0x5b91</load_address>
         <run_address>0x5b91</run_address>
         <size>0x1df</size>
         <input_file_ref idref="fl-18"/>
      </object_component>
      <object_component id="oc-113">
         <name>.debug_info</name>
         <load_address>0x5d70</load_address>
         <run_address>0x5d70</run_address>
         <size>0x46</size>
         <input_file_ref idref="fl-18"/>
      </object_component>
      <object_component id="oc-189">
         <name>.debug_info</name>
         <load_address>0x5db6</load_address>
         <run_address>0x5db6</run_address>
         <size>0x2c</size>
         <input_file_ref idref="fl-18"/>
      </object_component>
      <object_component id="oc-142">
         <name>.debug_info</name>
         <load_address>0x5de2</load_address>
         <run_address>0x5de2</run_address>
         <size>0x16a</size>
         <input_file_ref idref="fl-19"/>
      </object_component>
      <object_component id="oc-4c">
         <name>.debug_info</name>
         <load_address>0x5f4c</load_address>
         <run_address>0x5f4c</run_address>
         <size>0x1b5</size>
         <input_file_ref idref="fl-19"/>
      </object_component>
      <object_component id="oc-13d">
         <name>.debug_info</name>
         <load_address>0x6101</load_address>
         <run_address>0x6101</run_address>
         <size>0x46</size>
         <input_file_ref idref="fl-19"/>
      </object_component>
      <object_component id="oc-184">
         <name>.debug_info</name>
         <load_address>0x6147</load_address>
         <run_address>0x6147</run_address>
         <size>0x2c</size>
         <input_file_ref idref="fl-19"/>
      </object_component>
      <object_component id="oc-fd">
         <name>.debug_info</name>
         <load_address>0x6173</load_address>
         <run_address>0x6173</run_address>
         <size>0x126</size>
         <input_file_ref idref="fl-1d"/>
      </object_component>
      <object_component id="oc-16c">
         <name>.debug_info</name>
         <load_address>0x6299</load_address>
         <run_address>0x6299</run_address>
         <size>0x117</size>
         <input_file_ref idref="fl-1e"/>
      </object_component>
      <object_component id="oc-2d9">
         <name>.debug_info</name>
         <load_address>0x63b0</load_address>
         <run_address>0x63b0</run_address>
         <size>0x119</size>
         <input_file_ref idref="fl-20"/>
      </object_component>
      <object_component id="oc-2de">
         <name>.debug_info</name>
         <load_address>0x64c9</load_address>
         <run_address>0x64c9</run_address>
         <size>0x12a</size>
         <input_file_ref idref="fl-21"/>
      </object_component>
      <object_component id="oc-2d6">
         <name>.debug_info</name>
         <load_address>0x65f3</load_address>
         <run_address>0x65f3</run_address>
         <size>0x11f</size>
         <input_file_ref idref="fl-22"/>
      </object_component>
      <object_component id="oc-11b">
         <name>.debug_info</name>
         <load_address>0x6712</load_address>
         <run_address>0x6712</run_address>
         <size>0x107</size>
         <input_file_ref idref="fl-2b"/>
      </object_component>
      <object_component id="oc-f3">
         <name>.debug_info</name>
         <load_address>0x6819</load_address>
         <run_address>0x6819</run_address>
         <size>0x118</size>
         <input_file_ref idref="fl-2c"/>
      </object_component>
      <object_component id="oc-f9">
         <name>.debug_info</name>
         <load_address>0x6931</load_address>
         <run_address>0x6931</run_address>
         <size>0x118</size>
         <input_file_ref idref="fl-2d"/>
      </object_component>
      <object_component id="oc-183">
         <name>.debug_info</name>
         <load_address>0x6a49</load_address>
         <run_address>0x6a49</run_address>
         <size>0x16d</size>
         <input_file_ref idref="fl-2f"/>
      </object_component>
      <object_component id="oc-10e">
         <name>.debug_info</name>
         <load_address>0x6bb6</load_address>
         <run_address>0x6bb6</run_address>
         <size>0x191</size>
         <input_file_ref idref="fl-2f"/>
      </object_component>
      <object_component id="oc-223">
         <name>.debug_info</name>
         <load_address>0x6d47</load_address>
         <run_address>0x6d47</run_address>
         <size>0x119</size>
         <input_file_ref idref="fl-31"/>
      </object_component>
      <object_component id="oc-1f1">
         <name>.debug_info</name>
         <load_address>0x6e60</load_address>
         <run_address>0x6e60</run_address>
         <size>0x119</size>
         <input_file_ref idref="fl-32"/>
      </object_component>
      <object_component id="oc-147">
         <name>.debug_info</name>
         <load_address>0x6f79</load_address>
         <run_address>0x6f79</run_address>
         <size>0x148</size>
         <input_file_ref idref="fl-33"/>
      </object_component>
      <object_component id="oc-1cd">
         <name>.debug_info</name>
         <load_address>0x70c1</load_address>
         <run_address>0x70c1</run_address>
         <size>0x3b6</size>
         <input_file_ref idref="fl-36"/>
      </object_component>
      <object_component id="oc-14b">
         <name>.debug_info</name>
         <load_address>0x7477</load_address>
         <run_address>0x7477</run_address>
         <size>0x1c2</size>
         <input_file_ref idref="fl-36"/>
      </object_component>
      <object_component id="oc-22b">
         <name>.debug_info</name>
         <load_address>0x7639</load_address>
         <run_address>0x7639</run_address>
         <size>0x39</size>
         <input_file_ref idref="fl-36"/>
      </object_component>
      <object_component id="oc-230">
         <name>.debug_info</name>
         <load_address>0x7672</load_address>
         <run_address>0x7672</run_address>
         <size>0xcd</size>
         <input_file_ref idref="fl-36"/>
      </object_component>
      <object_component id="oc-227">
         <name>.debug_info</name>
         <load_address>0x773f</load_address>
         <run_address>0x773f</run_address>
         <size>0x252</size>
         <input_file_ref idref="fl-37"/>
      </object_component>
      <object_component id="oc-1c2">
         <name>.debug_info</name>
         <load_address>0x7991</load_address>
         <run_address>0x7991</run_address>
         <size>0x1b0</size>
         <input_file_ref idref="fl-37"/>
      </object_component>
      <object_component id="oc-2a7">
         <name>.debug_info</name>
         <load_address>0x7b41</load_address>
         <run_address>0x7b41</run_address>
         <size>0x2c</size>
         <input_file_ref idref="fl-37"/>
      </object_component>
      <object_component id="oc-1c7">
         <name>.debug_info</name>
         <load_address>0x7b6d</load_address>
         <run_address>0x7b6d</run_address>
         <size>0x145</size>
         <input_file_ref idref="fl-38"/>
      </object_component>
      <object_component id="oc-33a">
         <name>.debug_info</name>
         <load_address>0x7cb2</load_address>
         <run_address>0x7cb2</run_address>
         <size>0xac</size>
      </object_component>
      <object_component id="oc-2d1">
         <name>.debug_line</name>
         <load_address>0x0</load_address>
         <run_address>0x0</run_address>
         <size>0x26f</size>
         <input_file_ref idref="fl-2"/>
      </object_component>
      <object_component id="oc-202">
         <name>.debug_line</name>
         <load_address>0x26f</load_address>
         <run_address>0x26f</run_address>
         <size>0x77</size>
         <input_file_ref idref="fl-2"/>
      </object_component>
      <object_component id="oc-1f7">
         <name>.debug_line</name>
         <load_address>0x2e6</load_address>
         <run_address>0x2e6</run_address>
         <size>0x5b</size>
         <input_file_ref idref="fl-2"/>
      </object_component>
      <object_component id="oc-2bc">
         <name>.debug_line</name>
         <load_address>0x341</load_address>
         <run_address>0x341</run_address>
         <size>0x7b</size>
         <input_file_ref idref="fl-2"/>
      </object_component>
      <object_component id="oc-10a">
         <name>.debug_line</name>
         <load_address>0x3bc</load_address>
         <run_address>0x3bc</run_address>
         <size>0x20</size>
         <input_file_ref idref="fl-2"/>
      </object_component>
      <object_component id="oc-2b5">
         <name>.debug_line</name>
         <load_address>0x3dc</load_address>
         <run_address>0x3dc</run_address>
         <size>0x71</size>
         <input_file_ref idref="fl-2"/>
      </object_component>
      <object_component id="oc-279">
         <name>.debug_line</name>
         <load_address>0x44d</load_address>
         <run_address>0x44d</run_address>
         <size>0x3b</size>
         <input_file_ref idref="fl-2"/>
      </object_component>
      <object_component id="oc-275">
         <name>.debug_line</name>
         <load_address>0x488</load_address>
         <run_address>0x488</run_address>
         <size>0xea</size>
         <input_file_ref idref="fl-3"/>
      </object_component>
      <object_component id="oc-2e4">
         <name>.debug_line</name>
         <load_address>0x572</load_address>
         <run_address>0x572</run_address>
         <size>0x3b</size>
         <input_file_ref idref="fl-3"/>
      </object_component>
      <object_component id="oc-167">
         <name>.debug_line</name>
         <load_address>0x5ad</load_address>
         <run_address>0x5ad</run_address>
         <size>0x5a</size>
         <input_file_ref idref="fl-3"/>
      </object_component>
      <object_component id="oc-220">
         <name>.debug_line</name>
         <load_address>0x607</load_address>
         <run_address>0x607</run_address>
         <size>0xdc</size>
         <input_file_ref idref="fl-4"/>
      </object_component>
      <object_component id="oc-2f0">
         <name>.debug_line</name>
         <load_address>0x6e3</load_address>
         <run_address>0x6e3</run_address>
         <size>0x69</size>
         <input_file_ref idref="fl-4"/>
      </object_component>
      <object_component id="oc-134">
         <name>.debug_line</name>
         <load_address>0x74c</load_address>
         <run_address>0x74c</run_address>
         <size>0x58</size>
         <input_file_ref idref="fl-4"/>
      </object_component>
      <object_component id="oc-13a">
         <name>.debug_line</name>
         <load_address>0x7a4</load_address>
         <run_address>0x7a4</run_address>
         <size>0x52</size>
         <input_file_ref idref="fl-4"/>
      </object_component>
      <object_component id="oc-1e3">
         <name>.debug_line</name>
         <load_address>0x7f6</load_address>
         <run_address>0x7f6</run_address>
         <size>0x4c</size>
         <input_file_ref idref="fl-7"/>
      </object_component>
      <object_component id="oc-2ce">
         <name>.debug_line</name>
         <load_address>0x842</load_address>
         <run_address>0x842</run_address>
         <size>0x1ec</size>
         <input_file_ref idref="fl-8"/>
      </object_component>
      <object_component id="oc-20a">
         <name>.debug_line</name>
         <load_address>0xa2e</load_address>
         <run_address>0xa2e</run_address>
         <size>0x48</size>
         <input_file_ref idref="fl-8"/>
      </object_component>
      <object_component id="oc-2bf">
         <name>.debug_line</name>
         <load_address>0xa76</load_address>
         <run_address>0xa76</run_address>
         <size>0x48</size>
         <input_file_ref idref="fl-8"/>
      </object_component>
      <object_component id="oc-2c5">
         <name>.debug_line</name>
         <load_address>0xabe</load_address>
         <run_address>0xabe</run_address>
         <size>0x48</size>
         <input_file_ref idref="fl-8"/>
      </object_component>
      <object_component id="oc-2c3">
         <name>.debug_line</name>
         <load_address>0xb06</load_address>
         <run_address>0xb06</run_address>
         <size>0x48</size>
         <input_file_ref idref="fl-8"/>
      </object_component>
      <object_component id="oc-2c1">
         <name>.debug_line</name>
         <load_address>0xb4e</load_address>
         <run_address>0xb4e</run_address>
         <size>0x48</size>
         <input_file_ref idref="fl-8"/>
      </object_component>
      <object_component id="oc-29e">
         <name>.debug_line</name>
         <load_address>0xb96</load_address>
         <run_address>0xb96</run_address>
         <size>0x76</size>
         <input_file_ref idref="fl-8"/>
      </object_component>
      <object_component id="oc-28f">
         <name>.debug_line</name>
         <load_address>0xc0c</load_address>
         <run_address>0xc0c</run_address>
         <size>0x60</size>
         <input_file_ref idref="fl-8"/>
      </object_component>
      <object_component id="oc-298">
         <name>.debug_line</name>
         <load_address>0xc6c</load_address>
         <run_address>0xc6c</run_address>
         <size>0x5e</size>
         <input_file_ref idref="fl-8"/>
      </object_component>
      <object_component id="oc-123">
         <name>.debug_line</name>
         <load_address>0xcca</load_address>
         <run_address>0xcca</run_address>
         <size>0x60</size>
         <input_file_ref idref="fl-8"/>
      </object_component>
      <object_component id="oc-1ea">
         <name>.debug_line</name>
         <load_address>0xd2a</load_address>
         <run_address>0xd2a</run_address>
         <size>0x80</size>
         <input_file_ref idref="fl-8"/>
      </object_component>
      <object_component id="oc-288">
         <name>.debug_line</name>
         <load_address>0xdaa</load_address>
         <run_address>0xdaa</run_address>
         <size>0x60</size>
         <input_file_ref idref="fl-9"/>
      </object_component>
      <object_component id="oc-27f">
         <name>.debug_line</name>
         <load_address>0xe0a</load_address>
         <run_address>0xe0a</run_address>
         <size>0x80</size>
         <input_file_ref idref="fl-9"/>
      </object_component>
      <object_component id="oc-2ea">
         <name>.debug_line</name>
         <load_address>0xe8a</load_address>
         <run_address>0xe8a</run_address>
         <size>0x5c</size>
         <input_file_ref idref="fl-a"/>
      </object_component>
      <object_component id="oc-2f6">
         <name>.debug_line</name>
         <load_address>0xee6</load_address>
         <run_address>0xee6</run_address>
         <size>0x55</size>
         <input_file_ref idref="fl-a"/>
      </object_component>
      <object_component id="oc-2fa">
         <name>.debug_line</name>
         <load_address>0xf3b</load_address>
         <run_address>0xf3b</run_address>
         <size>0x63</size>
         <input_file_ref idref="fl-b"/>
      </object_component>
      <object_component id="oc-258">
         <name>.debug_line</name>
         <load_address>0xf9e</load_address>
         <run_address>0xf9e</run_address>
         <size>0x55</size>
         <input_file_ref idref="fl-b"/>
      </object_component>
      <object_component id="oc-255">
         <name>.debug_line</name>
         <load_address>0xff3</load_address>
         <run_address>0xff3</run_address>
         <size>0x5f</size>
         <input_file_ref idref="fl-b"/>
      </object_component>
      <object_component id="oc-2c8">
         <name>.debug_line</name>
         <load_address>0x1052</load_address>
         <run_address>0x1052</run_address>
         <size>0x7b</size>
         <input_file_ref idref="fl-b"/>
      </object_component>
      <object_component id="oc-26e">
         <name>.debug_line</name>
         <load_address>0x10cd</load_address>
         <run_address>0x10cd</run_address>
         <size>0x57</size>
         <input_file_ref idref="fl-b"/>
      </object_component>
      <object_component id="oc-2a1">
         <name>.debug_line</name>
         <load_address>0x1124</load_address>
         <run_address>0x1124</run_address>
         <size>0x20</size>
         <input_file_ref idref="fl-c"/>
      </object_component>
      <object_component id="oc-19c">
         <name>.debug_line</name>
         <load_address>0x1144</load_address>
         <run_address>0x1144</run_address>
         <size>0x50</size>
         <input_file_ref idref="fl-c"/>
      </object_component>
      <object_component id="oc-1ad">
         <name>.debug_line</name>
         <load_address>0x1194</load_address>
         <run_address>0x1194</run_address>
         <size>0x54</size>
         <input_file_ref idref="fl-c"/>
      </object_component>
      <object_component id="oc-1a5">
         <name>.debug_line</name>
         <load_address>0x11e8</load_address>
         <run_address>0x11e8</run_address>
         <size>0x57</size>
         <input_file_ref idref="fl-c"/>
      </object_component>
      <object_component id="oc-210">
         <name>.debug_line</name>
         <load_address>0x123f</load_address>
         <run_address>0x123f</run_address>
         <size>0x3a</size>
         <input_file_ref idref="fl-c"/>
      </object_component>
      <object_component id="oc-20c">
         <name>.debug_line</name>
         <load_address>0x1279</load_address>
         <run_address>0x1279</run_address>
         <size>0xf1</size>
         <input_file_ref idref="fl-e"/>
      </object_component>
      <object_component id="oc-215">
         <name>.debug_line</name>
         <load_address>0x136a</load_address>
         <run_address>0x136a</run_address>
         <size>0x3a</size>
         <input_file_ref idref="fl-e"/>
      </object_component>
      <object_component id="oc-21c">
         <name>.debug_line</name>
         <load_address>0x13a4</load_address>
         <run_address>0x13a4</run_address>
         <size>0x53</size>
         <input_file_ref idref="fl-e"/>
      </object_component>
      <object_component id="oc-1b3">
         <name>.debug_line</name>
         <load_address>0x13f7</load_address>
         <run_address>0x13f7</run_address>
         <size>0x4d</size>
         <input_file_ref idref="fl-e"/>
      </object_component>
      <object_component id="oc-128">
         <name>.debug_line</name>
         <load_address>0x1444</load_address>
         <run_address>0x1444</run_address>
         <size>0x52</size>
         <input_file_ref idref="fl-e"/>
      </object_component>
      <object_component id="oc-12e">
         <name>.debug_line</name>
         <load_address>0x1496</load_address>
         <run_address>0x1496</run_address>
         <size>0x5a</size>
         <input_file_ref idref="fl-e"/>
      </object_component>
      <object_component id="oc-178">
         <name>.debug_line</name>
         <load_address>0x14f0</load_address>
         <run_address>0x14f0</run_address>
         <size>0x2a</size>
         <input_file_ref idref="fl-15"/>
      </object_component>
      <object_component id="oc-6d">
         <name>.debug_line</name>
         <load_address>0x151a</load_address>
         <run_address>0x151a</run_address>
         <size>0x4c</size>
         <input_file_ref idref="fl-16"/>
      </object_component>
      <object_component id="oc-206">
         <name>.debug_line</name>
         <load_address>0x1566</load_address>
         <run_address>0x1566</run_address>
         <size>0x20</size>
         <input_file_ref idref="fl-17"/>
      </object_component>
      <object_component id="oc-32">
         <name>.debug_line</name>
         <load_address>0x1586</load_address>
         <run_address>0x1586</run_address>
         <size>0x92</size>
         <input_file_ref idref="fl-17"/>
      </object_component>
      <object_component id="oc-105">
         <name>.debug_line</name>
         <load_address>0x1618</load_address>
         <run_address>0x1618</run_address>
         <size>0x3a</size>
         <input_file_ref idref="fl-17"/>
      </object_component>
      <object_component id="oc-17f">
         <name>.debug_line</name>
         <load_address>0x1652</load_address>
         <run_address>0x1652</run_address>
         <size>0x8a</size>
         <input_file_ref idref="fl-17"/>
      </object_component>
      <object_component id="oc-18f">
         <name>.debug_line</name>
         <load_address>0x16dc</load_address>
         <run_address>0x16dc</run_address>
         <size>0x8a</size>
         <input_file_ref idref="fl-18"/>
      </object_component>
      <object_component id="oc-38">
         <name>.debug_line</name>
         <load_address>0x1766</load_address>
         <run_address>0x1766</run_address>
         <size>0x50</size>
         <input_file_ref idref="fl-18"/>
      </object_component>
      <object_component id="oc-116">
         <name>.debug_line</name>
         <load_address>0x17b6</load_address>
         <run_address>0x17b6</run_address>
         <size>0x3a</size>
         <input_file_ref idref="fl-18"/>
      </object_component>
      <object_component id="oc-18c">
         <name>.debug_line</name>
         <load_address>0x17f0</load_address>
         <run_address>0x17f0</run_address>
         <size>0x8a</size>
         <input_file_ref idref="fl-18"/>
      </object_component>
      <object_component id="oc-1be">
         <name>.debug_line</name>
         <load_address>0x187a</load_address>
         <run_address>0x187a</run_address>
         <size>0x20</size>
         <input_file_ref idref="fl-19"/>
      </object_component>
      <object_component id="oc-4e">
         <name>.debug_line</name>
         <load_address>0x189a</load_address>
         <run_address>0x189a</run_address>
         <size>0x4d</size>
         <input_file_ref idref="fl-19"/>
      </object_component>
      <object_component id="oc-140">
         <name>.debug_line</name>
         <load_address>0x18e7</load_address>
         <run_address>0x18e7</run_address>
         <size>0x34</size>
         <input_file_ref idref="fl-19"/>
      </object_component>
      <object_component id="oc-187">
         <name>.debug_line</name>
         <load_address>0x191b</load_address>
         <run_address>0x191b</run_address>
         <size>0x8a</size>
         <input_file_ref idref="fl-19"/>
      </object_component>
      <object_component id="oc-100">
         <name>.debug_line</name>
         <load_address>0x19a5</load_address>
         <run_address>0x19a5</run_address>
         <size>0x40</size>
         <input_file_ref idref="fl-1d"/>
      </object_component>
      <object_component id="oc-170">
         <name>.debug_line</name>
         <load_address>0x19e5</load_address>
         <run_address>0x19e5</run_address>
         <size>0x3d</size>
         <input_file_ref idref="fl-1e"/>
      </object_component>
      <object_component id="oc-2dc">
         <name>.debug_line</name>
         <load_address>0x1a22</load_address>
         <run_address>0x1a22</run_address>
         <size>0x83</size>
         <input_file_ref idref="fl-20"/>
      </object_component>
      <object_component id="oc-2e1">
         <name>.debug_line</name>
         <load_address>0x1aa5</load_address>
         <run_address>0x1aa5</run_address>
         <size>0x5d</size>
         <input_file_ref idref="fl-21"/>
      </object_component>
      <object_component id="oc-2d4">
         <name>.debug_line</name>
         <load_address>0x1b02</load_address>
         <run_address>0x1b02</run_address>
         <size>0x54</size>
         <input_file_ref idref="fl-22"/>
      </object_component>
      <object_component id="oc-11a">
         <name>.debug_line</name>
         <load_address>0x1b56</load_address>
         <run_address>0x1b56</run_address>
         <size>0x3d</size>
         <input_file_ref idref="fl-2b"/>
      </object_component>
      <object_component id="oc-f6">
         <name>.debug_line</name>
         <load_address>0x1b93</load_address>
         <run_address>0x1b93</run_address>
         <size>0x4e</size>
         <input_file_ref idref="fl-2c"/>
      </object_component>
      <object_component id="oc-fb">
         <name>.debug_line</name>
         <load_address>0x1be1</load_address>
         <run_address>0x1be1</run_address>
         <size>0x5e</size>
         <input_file_ref idref="fl-2d"/>
      </object_component>
      <object_component id="oc-208">
         <name>.debug_line</name>
         <load_address>0x1c3f</load_address>
         <run_address>0x1c3f</run_address>
         <size>0x20</size>
         <input_file_ref idref="fl-2f"/>
      </object_component>
      <object_component id="oc-111">
         <name>.debug_line</name>
         <load_address>0x1c5f</load_address>
         <run_address>0x1c5f</run_address>
         <size>0x45</size>
         <input_file_ref idref="fl-2f"/>
      </object_component>
      <object_component id="oc-222">
         <name>.debug_line</name>
         <load_address>0x1ca4</load_address>
         <run_address>0x1ca4</run_address>
         <size>0x42</size>
         <input_file_ref idref="fl-31"/>
      </object_component>
      <object_component id="oc-1f0">
         <name>.debug_line</name>
         <load_address>0x1ce6</load_address>
         <run_address>0x1ce6</run_address>
         <size>0x4b</size>
         <input_file_ref idref="fl-32"/>
      </object_component>
      <object_component id="oc-146">
         <name>.debug_line</name>
         <load_address>0x1d31</load_address>
         <run_address>0x1d31</run_address>
         <size>0x3e</size>
         <input_file_ref idref="fl-33"/>
      </object_component>
      <object_component id="oc-22a">
         <name>.debug_line</name>
         <load_address>0x1d6f</load_address>
         <run_address>0x1d6f</run_address>
         <size>0xa9</size>
         <input_file_ref idref="fl-36"/>
      </object_component>
      <object_component id="oc-14a">
         <name>.debug_line</name>
         <load_address>0x1e18</load_address>
         <run_address>0x1e18</run_address>
         <size>0x91</size>
         <input_file_ref idref="fl-36"/>
      </object_component>
      <object_component id="oc-22e">
         <name>.debug_line</name>
         <load_address>0x1ea9</load_address>
         <run_address>0x1ea9</run_address>
         <size>0x2e</size>
         <input_file_ref idref="fl-36"/>
      </object_component>
      <object_component id="oc-233">
         <name>.debug_line</name>
         <load_address>0x1ed7</load_address>
         <run_address>0x1ed7</run_address>
         <size>0x8b</size>
         <input_file_ref idref="fl-36"/>
      </object_component>
      <object_component id="oc-2a6">
         <name>.debug_line</name>
         <load_address>0x1f62</load_address>
         <run_address>0x1f62</run_address>
         <size>0x98</size>
         <input_file_ref idref="fl-37"/>
      </object_component>
      <object_component id="oc-1c1">
         <name>.debug_line</name>
         <load_address>0x1ffa</load_address>
         <run_address>0x1ffa</run_address>
         <size>0x5f</size>
         <input_file_ref idref="fl-37"/>
      </object_component>
      <object_component id="oc-2aa">
         <name>.debug_line</name>
         <load_address>0x2059</load_address>
         <run_address>0x2059</run_address>
         <size>0x2e</size>
         <input_file_ref idref="fl-37"/>
      </object_component>
      <object_component id="oc-1ca">
         <name>.debug_line</name>
         <load_address>0x2087</load_address>
         <run_address>0x2087</run_address>
         <size>0x3a</size>
         <input_file_ref idref="fl-38"/>
      </object_component>
      <object_component id="oc-201">
         <name>.debug_frame</name>
         <load_address>0x0</load_address>
         <run_address>0x0</run_address>
         <size>0x48</size>
         <input_file_ref idref="fl-2"/>
      </object_component>
      <object_component id="oc-1fb">
         <name>.debug_frame</name>
         <load_address>0x48</load_address>
         <run_address>0x48</run_address>
         <size>0x42</size>
         <input_file_ref idref="fl-2"/>
      </object_component>
      <object_component id="oc-168">
         <name>.debug_frame</name>
         <load_address>0x8a</load_address>
         <run_address>0x8a</run_address>
         <size>0x39</size>
         <input_file_ref idref="fl-3"/>
      </object_component>
      <object_component id="oc-2f1">
         <name>.debug_frame</name>
         <load_address>0xc3</load_address>
         <run_address>0xc3</run_address>
         <size>0x39</size>
         <input_file_ref idref="fl-4"/>
      </object_component>
      <object_component id="oc-135">
         <name>.debug_frame</name>
         <load_address>0xfc</load_address>
         <run_address>0xfc</run_address>
         <size>0x41</size>
         <input_file_ref idref="fl-4"/>
      </object_component>
      <object_component id="oc-13b">
         <name>.debug_frame</name>
         <load_address>0x13d</load_address>
         <run_address>0x13d</run_address>
         <size>0x39</size>
         <input_file_ref idref="fl-4"/>
      </object_component>
      <object_component id="oc-1e4">
         <name>.debug_frame</name>
         <load_address>0x176</load_address>
         <run_address>0x176</run_address>
         <size>0x39</size>
         <input_file_ref idref="fl-7"/>
      </object_component>
      <object_component id="oc-29a">
         <name>.debug_frame</name>
         <load_address>0x1af</load_address>
         <run_address>0x1af</run_address>
         <size>0x49</size>
         <input_file_ref idref="fl-8"/>
      </object_component>
      <object_component id="oc-28b">
         <name>.debug_frame</name>
         <load_address>0x1f8</load_address>
         <run_address>0x1f8</run_address>
         <size>0x3f</size>
         <input_file_ref idref="fl-8"/>
      </object_component>
      <object_component id="oc-294">
         <name>.debug_frame</name>
         <load_address>0x237</load_address>
         <run_address>0x237</run_address>
         <size>0x39</size>
         <input_file_ref idref="fl-8"/>
      </object_component>
      <object_component id="oc-11f">
         <name>.debug_frame</name>
         <load_address>0x270</load_address>
         <run_address>0x270</run_address>
         <size>0x39</size>
         <input_file_ref idref="fl-8"/>
      </object_component>
      <object_component id="oc-1e9">
         <name>.debug_frame</name>
         <load_address>0x2a9</load_address>
         <run_address>0x2a9</run_address>
         <size>0x4f</size>
         <input_file_ref idref="fl-8"/>
      </object_component>
      <object_component id="oc-289">
         <name>.debug_frame</name>
         <load_address>0x2f8</load_address>
         <run_address>0x2f8</run_address>
         <size>0x3f</size>
         <input_file_ref idref="fl-9"/>
      </object_component>
      <object_component id="oc-280">
         <name>.debug_frame</name>
         <load_address>0x337</load_address>
         <run_address>0x337</run_address>
         <size>0x3f</size>
         <input_file_ref idref="fl-9"/>
      </object_component>
      <object_component id="oc-2e6">
         <name>.debug_frame</name>
         <load_address>0x376</load_address>
         <run_address>0x376</run_address>
         <size>0x39</size>
         <input_file_ref idref="fl-a"/>
      </object_component>
      <object_component id="oc-2f7">
         <name>.debug_frame</name>
         <load_address>0x3af</load_address>
         <run_address>0x3af</run_address>
         <size>0x39</size>
         <input_file_ref idref="fl-a"/>
      </object_component>
      <object_component id="oc-259">
         <name>.debug_frame</name>
         <load_address>0x3e8</load_address>
         <run_address>0x3e8</run_address>
         <size>0x39</size>
         <input_file_ref idref="fl-b"/>
      </object_component>
      <object_component id="oc-256">
         <name>.debug_frame</name>
         <load_address>0x421</load_address>
         <run_address>0x421</run_address>
         <size>0x39</size>
         <input_file_ref idref="fl-b"/>
      </object_component>
      <object_component id="oc-2c7">
         <name>.debug_frame</name>
         <load_address>0x45a</load_address>
         <run_address>0x45a</run_address>
         <size>0x45</size>
         <input_file_ref idref="fl-b"/>
      </object_component>
      <object_component id="oc-26d">
         <name>.debug_frame</name>
         <load_address>0x49f</load_address>
         <run_address>0x49f</run_address>
         <size>0x42</size>
         <input_file_ref idref="fl-b"/>
      </object_component>
      <object_component id="oc-19d">
         <name>.debug_frame</name>
         <load_address>0x4e1</load_address>
         <run_address>0x4e1</run_address>
         <size>0x3d</size>
         <input_file_ref idref="fl-c"/>
      </object_component>
      <object_component id="oc-1ae">
         <name>.debug_frame</name>
         <load_address>0x51e</load_address>
         <run_address>0x51e</run_address>
         <size>0x39</size>
         <input_file_ref idref="fl-c"/>
      </object_component>
      <object_component id="oc-1a6">
         <name>.debug_frame</name>
         <load_address>0x557</load_address>
         <run_address>0x557</run_address>
         <size>0x39</size>
         <input_file_ref idref="fl-c"/>
      </object_component>
      <object_component id="oc-21d">
         <name>.debug_frame</name>
         <load_address>0x590</load_address>
         <run_address>0x590</run_address>
         <size>0x39</size>
         <input_file_ref idref="fl-e"/>
      </object_component>
      <object_component id="oc-1b4">
         <name>.debug_frame</name>
         <load_address>0x5c9</load_address>
         <run_address>0x5c9</run_address>
         <size>0x39</size>
         <input_file_ref idref="fl-e"/>
[...]
         <value>0x10f7</value>
      </symbol>
      <symbol id="sm-61">
         <name>TLV_ADC10_1_TAG</name>
         <value>0x10da</value>
      </symbol>
      <symbol id="sm-62">
         <name>TLV_ADC10_1_LEN</name>
         <value>0x10db</value>
      </symbol>
      <symbol id="sm-63">
         <name>__TI_CINIT_Base</name>
         <value>0xcbf4</value>
      </symbol>
      <symbol id="sm-64">
         <name>__TI_CINIT_Limit</name>
         <value>0xcbfc</value>
      </symbol>
      <symbol id="sm-65">
         <name>__TI_Handler_Table_Base</name>
         <value>0xcbea</value>
      </symbol>
      <symbol id="sm-66">
         <name>__TI_Handler_Table_Limit</name>
         <value>0xcbf0</value>
      </symbol>
      <symbol id="sm-67">
         <name>__STACK_SIZE</name>
         <value>0x78</value>
      </symbol>
      <symbol id="sm-68">
         <name>__STACK_END</name>
         <value>0x400</value>
      </symbol>
      <symbol id="sm-69">
         <name>__c_args__</name>
         <value>0xffffffff</value>
      </symbol>
      <symbol id="sm-6a">
         <name>__TI_pprof_out_hndl</name>
         <value>0xffffffff</value>
      </symbol>
      <symbol id="sm-6b">
         <name>__TI_prof_data_start</name>
         <value>0xffffffff</value>
      </symbol>
      <symbol id="sm-6c">
         <name>__TI_prof_data_size</name>
         <value>0xffffffff</value>
      </symbol>
      <symbol id="sm-c2">
         <name>rf_default_setup</name>
         <value>0xc3f4</value>
         <object_component_ref idref="oc-1f6"/>
      </symbol>
      <symbol id="sm-c3">
         <name>tx_ber_single</name>
         <value>0xc13c</value>
         <object_component_ref idref="oc-1fd"/>
      </symbol>
      <symbol id="sm-d6">
         <name>txBuffer</name>
         <value>0x200</value>
      </symbol>
      <symbol id="sm-d7">
         <name>trx_cfg</name>
         <value>0x240</value>
      </symbol>
      <symbol id="sm-d8">
         <name>rand_data</name>
         <value>0xcba6</value>
         <object_component_ref idref="oc-290"/>
      </symbol>
      <symbol id="sm-d9">
         <name>main</name>
         <value>0xc5fe</value>
         <object_component_ref idref="oc-163"/>
      </symbol>
      <symbol id="sm-fc">
         <name>timer_event</name>
         <value>0x276</value>
      </symbol>
      <symbol id="sm-fd">
         <name>hal_timer_wait</name>
         <value>0xc5ae</value>
         <object_component_ref idref="oc-2ec"/>
      </symbol>
      <symbol id="sm-fe">
         <name>TIMERA0_ISR</name>
         <value>0xc9c0</value>
         <object_component_ref idref="oc-136"/>
      </symbol>
      <symbol id="sm-ff">
         <name>__TI_int08</name>
         <value>0xfff0</value>
         <object_component_ref idref="oc-43"/>
      </symbol>
      <symbol id="sm-100">
         <name>__TI_int09</name>
         <value>0xfff2</value>
         <object_component_ref idref="oc-44"/>
      </symbol>
      <symbol id="sm-101">
         <name>TIMERB1_ISR</name>
         <value>0xc88c</value>
         <object_component_ref idref="oc-130"/>
      </symbol>
      <symbol id="sm-10c">
         <name>msp_setup</name>
         <value>0xc99a</value>
         <object_component_ref idref="oc-1e2"/>
      </symbol>
      <symbol id="sm-15a">
         <name>paTable</name>
         <value>0x272</value>
      </symbol>
      <symbol id="sm-15b">
         <name>radio_init</name>
         <value>0xc000</value>
         <object_component_ref idref="oc-1e8"/>
      </symbol>
      <symbol id="sm-15c">
         <name>preferredSettings_250kbps</name>
         <value>0xca62</value>
         <object_component_ref idref="oc-263"/>
      </symbol>
      <symbol id="sm-15d">
         <name>__TI_int03</name>
         <value>0xffe6</value>
         <object_component_ref idref="oc-3f"/>
      </symbol>
      <symbol id="sm-15e">
         <name>rf_end_packet</name>
         <value>0x279</value>
         <object_component_ref idref="oc-191"/>
      </symbol>
      <symbol id="sm-15f">
         <name>preferredSettings_408mhz</name>
         <value>0xcb4e</value>
         <object_component_ref idref="oc-260"/>
      </symbol>
      <symbol id="sm-160">
         <name>radio_wait_for_idle</name>
         <value>0xc38e</value>
         <object_component_ref idref="oc-299"/>
      </symbol>
      <symbol id="sm-161">
         <name>radio_isr</name>
         <value>0xc924</value>
         <object_component_ref idref="oc-11e"/>
      </symbol>
      <symbol id="sm-162">
         <name>radio_set_freq</name>
         <value>0xc55c</value>
         <object_component_ref idref="oc-28a"/>
      </symbol>
      <symbol id="sm-163">
         <name>radio_send</name>
         <value>0xc8d0</value>
         <object_component_ref idref="oc-293"/>
      </symbol>
      <symbol id="sm-164">
         <name>preferredSettings_1200bps</name>
         <value>0xcada</value>
         <object_component_ref idref="oc-25d"/>
      </symbol>
      <symbol id="sm-165">
         <name>preferredSettings_38400bps</name>
         <value>0xc9de</value>
         <object_component_ref idref="oc-266"/>
      </symbol>
      <symbol id="sm-17c">
         <name>get_device_id</name>
         <value>0xc23a</value>
         <object_component_ref idref="oc-27b"/>
      </symbol>
      <symbol id="sm-17d">
         <name>set_rf_packet_length</name>
         <value>0xc7e6</value>
         <object_component_ref idref="oc-284"/>
      </symbol>
      <symbol id="sm-18d">
         <name>range_extender_txon</name>
         <value>0xc9b6</value>
         <object_component_ref idref="oc-2e5"/>
      </symbol>
      <symbol id="sm-18e">
         <name>range_extender_idle</name>
         <value>0xc9dc</value>
         <object_component_ref idref="oc-2f2"/>
      </symbol>
      <symbol id="sm-1be">
         <name>trxRfSpiInterfaceInit</name>
         <value>0xc504</value>
         <object_component_ref idref="oc-251"/>
      </symbol>
      <symbol id="sm-1bf">
         <name>trxSpiCmdStrobe</name>
         <value>0xc83c</value>
         <object_component_ref idref="oc-257"/>
      </symbol>
      <symbol id="sm-1c0">
         <name>trx8BitRegAccess</name>
         <value>0xc6e2</value>
         <object_component_ref idref="oc-269"/>
      </symbol>
      <symbol id="sm-1e4">
         <name>circ_buf_remainder</name>
         <value>0xc90a</value>
         <object_component_ref idref="oc-198"/>
      </symbol>
      <symbol id="sm-1e5">
         <name>circ_buf_get_data</name>
         <value>0xc78e</value>
         <object_component_ref idref="oc-1a1"/>
      </symbol>
      <symbol id="sm-1e6">
         <name>circ_buf_put_data</name>
         <value>0xc812</value>
         <object_component_ref idref="oc-1a9"/>
      </symbol>
      <symbol id="sm-215">
         <name>uart_tx_buf</name>
         <value>0x268</value>
      </symbol>
      <symbol id="sm-216">
         <name>uart_rx_buf</name>
         <value>0x260</value>
      </symbol>
      <symbol id="sm-217">
         <name>rx_str_length</name>
         <value>0x275</value>
      </symbol>
      <symbol id="sm-218">
         <name>rx_end_of_str</name>
         <value>0x274</value>
      </symbol>
      <symbol id="sm-219">
         <name>isr_flag</name>
         <value>0x270</value>
      </symbol>
      <symbol id="sm-21a">
         <name>USCI0RX_ISR</name>
         <value>0xc4ac</value>
         <object_component_ref idref="oc-12a"/>
      </symbol>
      <symbol id="sm-21b">
         <name>USCI0TX_ISR</name>
         <value>0xc720</value>
         <object_component_ref idref="oc-124"/>
      </symbol>
      <symbol id="sm-21c">
         <name>__TI_int06</name>
         <value>0xffec</value>
         <object_component_ref idref="oc-41"/>
      </symbol>
      <symbol id="sm-21d">
         <name>__TI_int07</name>
         <value>0xffee</value>
         <object_component_ref idref="oc-42"/>
      </symbol>
      <symbol id="sm-21e">
         <name>uart_state</name>
         <value>0x277</value>
         <object_component_ref idref="oc-19e"/>
      </symbol>
      <symbol id="sm-21f">
         <name>isr_state</name>
         <value>0x278</value>
         <object_component_ref idref="oc-19e"/>
      </symbol>
      <symbol id="sm-220">
         <name>hal_uart_start_tx</name>
         <value>0xc8ae</value>
         <object_component_ref idref="oc-218"/>
      </symbol>
      <symbol id="sm-221">
         <name>uart_put_char</name>
         <value>0xc9a8</value>
         <object_component_ref idref="oc-1af"/>
      </symbol>
      <symbol id="sm-22a">
         <name>_stack</name>
         <value>0x388</value>
         <object_component_ref idref="oc-ee"/>
      </symbol>
      <symbol id="sm-22b">
         <name>_reset_vector</name>
         <value>0xfffe</value>
         <object_component_ref idref="oc-f1"/>
      </symbol>
      <symbol id="sm-235">
         <name>_c_int00_noargs_noexit</name>
         <value>0xc8f0</value>
         <object_component_ref idref="oc-68"/>
      </symbol>
      <symbol id="sm-253">
         <name>__TI_decompress_lzss</name>
         <value>0xc1be</value>
         <object_component_ref idref="oc-31"/>
      </symbol>
      <symbol id="sm-269">
         <name>__TI_decompress_none</name>
         <value>0xc966</value>
         <object_component_ref idref="oc-37"/>
      </symbol>
      <symbol id="sm-281">
         <name>__TI_zero_init</name>
         <value>0xc93e</value>
         <object_component_ref idref="oc-4a"/>
      </symbol>
      <symbol id="sm-28d">
         <name>__mspabi_func_epilog_2</name>
         <value>0xc994</value>
         <object_component_ref idref="oc-fc"/>
      </symbol>
      <symbol id="sm-28e">
         <name>__mspabi_func_epilog_3</name>
         <value>0xc992</value>
         <object_component_ref idref="oc-fc"/>
      </symbol>
      <symbol id="sm-28f">
         <name>__mspabi_func_epilog_1</name>
         <value>0xc996</value>
         <object_component_ref idref="oc-fc"/>
      </symbol>
      <symbol id="sm-290">
         <name>__mspabi_func_epilog_6</name>
         <value>0xc98c</value>
         <object_component_ref idref="oc-fc"/>
      </symbol>
      <symbol id="sm-291">
         <name>__mspabi_func_epilog_7</name>
         <value>0xc98a</value>
         <object_component_ref idref="oc-fc"/>
      </symbol>
      <symbol id="sm-292">
         <name>__mspabi_func_epilog_4</name>
         <value>0xc990</value>
         <object_component_ref idref="oc-fc"/>
      </symbol>
      <symbol id="sm-293">
         <name>__mspabi_func_epilog_5</name>
         <value>0xc98e</value>
         <object_component_ref idref="oc-fc"/>
      </symbol>
      <symbol id="sm-29d">
         <name>C$$EXIT</name>
         <value>0xc9d0</value>
         <object_component_ref idref="oc-16b"/>
      </symbol>
      <symbol id="sm-29e">
         <name>abort</name>
         <value>0xc9d0</value>
         <object_component_ref idref="oc-16b"/>
      </symbol>
      <symbol id="sm-2b1">
         <name>__mspabi_divf</name>
         <value>0xc0a0</value>
         <object_component_ref idref="oc-2d8"/>
      </symbol>
      <symbol id="sm-2c0">
         <name>__mspabi_fixful</name>
         <value>0xc64a</value>
         <object_component_ref idref="oc-2dd"/>
      </symbol>
      <symbol id="sm-2cc">
         <name>__mspabi_fltulf</name>
         <value>0xc75c</value>
         <object_component_ref idref="oc-2d3"/>
      </symbol>
      <symbol id="sm-2cf">
         <name>__TI_int00</name>
         <value>0xffe0</value>
         <object_component_ref idref="oc-3d"/>
      </symbol>
      <symbol id="sm-2d2">
         <name>__TI_int02</name>
         <value>0xffe4</value>
         <object_component_ref idref="oc-3e"/>
      </symbol>
      <symbol id="sm-2d5">
         <name>__TI_int05</name>
         <value>0xffea</value>
         <object_component_ref idref="oc-40"/>
      </symbol>
      <symbol id="sm-2d8">
         <name>__TI_int10</name>
         <value>0xfff4</value>
         <object_component_ref idref="oc-45"/>
      </symbol>
      <symbol id="sm-2db">
         <name>__TI_int11</name>
         <value>0xfff6</value>
         <object_component_ref idref="oc-46"/>
      </symbol>
      <symbol id="sm-2de">
         <name>__TI_int12</name>
         <value>0xfff8</value>
         <object_component_ref idref="oc-47"/>
      </symbol>
      <symbol id="sm-2e1">
         <name>__TI_int13</name>
         <value>0xfffa</value>
         <object_component_ref idref="oc-48"/>
      </symbol>
      <symbol id="sm-2e4">
         <name>__TI_int14</name>
         <value>0xfffc</value>
         <object_component_ref idref="oc-49"/>
      </symbol>
      <symbol id="sm-2ec">
         <name>__TI_ISR_TRAP</name>
         <value>0xc9c8</value>
         <object_component_ref idref="oc-119"/>
      </symbol>
      <symbol id="sm-2f4">
         <name>__mspabi_slli</name>
         <value>0xc7ba</value>
         <object_component_ref idref="oc-f2"/>
      </symbol>
      <symbol id="sm-2f5">
         <name>__mspabi_slli_9</name>
         <value>0xc7d2</value>
         <object_component_ref idref="oc-f2"/>
      </symbol>
      <symbol id="sm-2f6">
         <name>__mspabi_slli_8</name>
         <value>0xc7d4</value>
         <object_component_ref idref="oc-f2"/>
      </symbol>
      <symbol id="sm-2f7">
         <name>__mspabi_slli_7</name>
         <value>0xc7d6</value>
         <object_component_ref idref="oc-f2"/>
      </symbol>
      <symbol id="sm-2f8">
         <name>__mspabi_slli_6</name>
         <value>0xc7d8</value>
         <object_component_ref idref="oc-f2"/>
      </symbol>
      <symbol id="sm-2f9">
         <name>__mspabi_slli_5</name>
         <value>0xc7da</value>
         <object_component_ref idref="oc-f2"/>
      </symbol>
      <symbol id="sm-2fa">
         <name>__mspabi_slli_4</name>
         <value>0xc7dc</value>
         <object_component_ref idref="oc-f2"/>
      </symbol>
      <symbol id="sm-2fb">
         <name>__mspabi_slli_3</name>
         <value>0xc7de</value>
         <object_component_ref idref="oc-f2"/>
      </symbol>
      <symbol id="sm-2fc">
         <name>__mspabi_slli_2</name>
         <value>0xc7e0</value>
         <object_component_ref idref="oc-f2"/>
      </symbol>
      <symbol id="sm-2fd">
         <name>__mspabi_slli_1</name>
         <value>0xc7e2</value>
         <object_component_ref idref="oc-f2"/>
      </symbol>
      <symbol id="sm-2fe">
         <name>__mspabi_slli_15</name>
         <value>0xc7c6</value>
         <object_component_ref idref="oc-f2"/>
      </symbol>
      <symbol id="sm-2ff">
         <name>__mspabi_slli_14</name>
         <value>0xc7c8</value>
         <object_component_ref idref="oc-f2"/>
      </symbol>
      <symbol id="sm-300">
         <name>__mspabi_slli_13</name>
         <value>0xc7ca</value>
         <object_component_ref idref="oc-f2"/>
      </symbol>
      <symbol id="sm-301">
         <name>__mspabi_slli_12</name>
         <value>0xc7cc</value>
         <object_component_ref idref="oc-f2"/>
      </symbol>
      <symbol id="sm-302">
         <name>__mspabi_slli_11</name>
         <value>0xc7ce</value>
         <object_component_ref idref="oc-f2"/>
      </symbol>
      <symbol id="sm-303">
         <name>__mspabi_slli_10</name>
         <value>0xc7d0</value>
         <object_component_ref idref="oc-f2"/>
      </symbol>
      <symbol id="sm-30b">
         <name>__mspabi_srli_8</name>
         <value>0xc6c0</value>
         <object_component_ref idref="oc-f7"/>
      </symbol>
      <symbol id="sm-30c">
         <name>__mspabi_srli_9</name>
         <value>0xc6bc</value>
         <object_component_ref idref="oc-f7"/>
      </symbol>
      <symbol id="sm-30d">
         <name>__mspabi_srli_6</name>
         <value>0xc6c8</value>
         <object_component_ref idref="oc-f7"/>
      </symbol>
      <symbol id="sm-30e">
         <name>__mspabi_srli_7</name>
         <value>0xc6c4</value>
         <object_component_ref idref="oc-f7"/>
      </symbol>
      <symbol id="sm-30f">
         <name>__mspabi_srli_4</name>
         <value>0xc6d0</value>
         <object_component_ref idref="oc-f7"/>
      </symbol>
      <symbol id="sm-310">
         <name>__mspabi_srli_5</name>
         <value>0xc6cc</value>
         <object_component_ref idref="oc-f7"/>
      </symbol>
      <symbol id="sm-311">
         <name>__mspabi_srli_2</name>
         <value>0xc6d8</value>
         <object_component_ref idref="oc-f7"/>
      </symbol>
      <symbol id="sm-312">
         <name>__mspabi_srli_3</name>
         <value>0xc6d4</value>
         <object_component_ref idref="oc-f7"/>
      </symbol>
      <symbol id="sm-313">
         <name>__mspabi_srli_1</name>
         <value>0xc6dc</value>
         <object_component_ref idref="oc-f7"/>
      </symbol>
      <symbol id="sm-314">
         <name>__mspabi_srli</name>
         <value>0xc696</value>
         <object_component_ref idref="oc-f7"/>
      </symbol>
      <symbol id="sm-315">
         <name>__mspabi_srli_15</name>
         <value>0xc6a4</value>
         <object_component_ref idref="oc-f7"/>
      </symbol>
      <symbol id="sm-316">
         <name>__mspabi_srli_14</name>
         <value>0xc6a8</value>
         <object_component_ref idref="oc-f7"/>
      </symbol>
      <symbol id="sm-317">
         <name>__mspabi_srli_13</name>
         <value>0xc6ac</value>
         <object_component_ref idref="oc-f7"/>
      </symbol>
      <symbol id="sm-318">
         <name>__mspabi_srli_12</name>
         <value>0xc6b0</value>
         <object_component_ref idref="oc-f7"/>
      </symbol>
      <symbol id="sm-319">
         <name>__mspabi_srli_11</name>
         <value>0xc6b4</value>
         <object_component_ref idref="oc-f7"/>
      </symbol>
      <symbol id="sm-31a">
         <name>__mspabi_srli_10</name>
         <value>0xc6b8</value>
         <object_component_ref idref="oc-f7"/>
      </symbol>
      <symbol id="sm-329">
         <name>memcpy</name>
         <value>0xc978</value>
         <object_component_ref idref="oc-10c"/>
      </symbol>
      <symbol id="sm-334">
         <name>__mspabi_mpyi_sw</name>
         <value>0xc952</value>
         <object_component_ref idref="oc-221"/>
      </symbol>
      <symbol id="sm-335">
         <name>__mspabi_mpyi</name>
         <value>0xc952</value>
         <object_component_ref idref="oc-221"/>
      </symbol>
      <symbol id="sm-33f">
         <name>__mspabi_mpyl_sw</name>
         <value>0xc866</value>
         <object_component_ref idref="oc-1ee"/>
      </symbol>
      <symbol id="sm-340">
         <name>__mspabi_mpyl</name>
         <value>0xc866</value>
         <object_component_ref idref="oc-1ee"/>
      </symbol>
      <symbol id="sm-349">
         <name>_system_pre_init</name>
         <value>0xc9d6</value>
         <object_component_ref idref="oc-143"/>
      </symbol>
      <symbol id="sm-367">
         <name>_auto_init</name>
         <value>0xc320</value>
         <object_component_ref idref="oc-149"/>
      </symbol>
      <symbol id="sm-37d">
         <name>copy_in</name>
         <value>0xc452</value>
         <object_component_ref idref="oc-1c0"/>
      </symbol>
      <symbol id="sm-386">
         <name>_system_post_cinit</name>
         <value>0xc9da</value>
         <object_component_ref idref="oc-1c6"/>
      </symbol>
      <symbol id="sm-388">
         <name>__TI_BINIT_Base</name>
         <value>0x0</value>
      </symbol>
      <symbol id="sm-389">
         <name>__TI_BINIT_Limit</name>
         <value>0x0</value>
      </symbol>
      <symbol id="sm-38a">
         <name>__TI_INITARRAY_Base</name>
         <value>0x0</value>
      </symbol>
      <symbol id="sm-38b">
         <name>__TI_INITARRAY_Limit</name>
         <value>0x0</value>
      </symbol>
      <symbol id="sm-38c">
         <name>uart_send_char</name>
         <value>0xc9a8</value>
      </symbol>
   </symbol_table>
   <title>Link successful</title>
</link_info>
