******************************************************************************
                  MSP430 Linker PC v17.9.0                     
******************************************************************************
>> Linked Wed Oct 18 23:01:30 2017

OUTPUT FILE NAME:   <RYA2017_Receiver_1.out>
ENTRY POINT SYMBOL: "_c_int00_noargs"  address: 0000c87e


MEMORY CONFIGURATION

         name            origin    length      used     unused   attr    fill
----------------------  --------  ---------  --------  --------  ----  --------
  SFR                   00000000   00000010  00000000  00000010  RWIX
  PERIPHERALS_8BIT      00000010   000000f0  00000000  000000f0  RWIX
  PERIPHERALS_16BIT     00000100   00000100  00000000  00000100  RWIX
  RAM                   00000200   00000200  000000e1  0000011f  RWIX
  INFOD                 00001000   00000040  00000000  00000040  RWIX
  INFOC                 00001040   00000040  00000000  00000040  RWIX
  INFOB                 00001080   00000040  00000000  00000040  RWIX
  INFOA                 000010c0   00000040  00000000  00000040  RWIX
  FLASH                 0000c000   00003fde  000009ec  000035f2  RWIX
  BSLSIGNATURE          0000ffde   00000002  00000002  00000000  RWIX  ffff 
  INT00                 0000ffe0   00000002  00000002  00000000  RWIX
  INT01                 0000ffe2   00000002  00000000  00000002  RWIX
  INT02                 0000ffe4   00000002  00000002  00000000  RWIX
  INT03                 0000ffe6   00000002  00000002  00000000  RWIX
  INT04                 0000ffe8   00000002  00000000  00000002  RWIX
  INT05                 0000ffea   00000002  00000002  00000000  RWIX
  INT06                 0000ffec   00000002  00000002  00000000  RWIX
  INT07                 0000ffee   00000002  00000002  00000000  RWIX
  INT08                 0000fff0   00000002  00000002  00000000  RWIX
  INT09                 0000fff2   00000002  00000002  00000000  RWIX
  INT10                 0000fff4   00000002  00000002  00000000  RWIX
  INT11                 0000fff6   00000002  00000002  00000000  RWIX
  INT12                 0000fff8   00000002  00000002  00000000  RWIX
  INT13                 0000fffa   00000002  00000002  00000000  RWIX
  INT14                 0000fffc   00000002  00000002  00000000  RWIX
  RESET                 0000fffe   00000002  00000002  00000000  RWIX


SECTION ALLOCATION MAP

 output                                  attributes/
section   page    origin      length       input sections
--------  ----  ----------  ----------   ----------------
.bss       0    00000200    00000070     UNINITIALIZED
                  00000200    00000040     (.common:txBuffer)
                  00000240    00000020     (.common:trx_cfg)
                  00000260    0000000e     (.common:au16_adc_result)
                  0000026e    00000002     (.common:paTable)

.data      0    00000270    00000021     UNINITIALIZED
                  00000270    00000018     LaunchPad_trx_main.obj (.data:u16_channel)
                  00000288    00000006     ADC.obj (.data)
                  0000028e    00000002     PPM.obj (.data)
                  00000290    00000001     cc1101_drv.obj (.data)

.stack     0    000003b0    00000050     UNINITIALIZED
                  000003b0    00000002     rts430_eabi.lib : boot.obj (.stack)
                  000003b2    0000004e     --HOLE--

.text      0    0000c000    00000976     
                  0000c000    0000009c     rts430_eabi.lib : fs_div.obj (.text)
                  0000c09c    00000092     ADC.obj (.text:ADC10_ISR)
                  0000c12e    0000007e     cc1101_drv.obj (.text:i_Radio_Init)
                  0000c1ac    0000007e     LaunchPad_trx_demo.obj (.text:v_RF_Default_Setup)
                  0000c22a    0000007c     rts430_eabi.lib : copy_decompress_lzss.obj (.text:decompress:lzss:__TI_decompress_lzss)
                  0000c2a6    0000007a     cc1101_utils.obj (.text:c_Get_Device_ID)
                  0000c320    0000007a     hal_spi_rf.obj (.text:trxReadWriteBurstSingle)
                  0000c39a    00000078     ADC.obj (.text:u16_Throttle_Get_Value)
                  0000c412    0000005e     LaunchPad_trx_main.obj (.text:main)
                  0000c470    0000005e     PPM.obj (.text:v_Read_Mode)
                  0000c4ce    00000058     hal_spi_rf.obj (.text:trxRfSpiInterfaceInit)
                  0000c526    00000056     LaunchPad_trx_demo.obj (.text:v_TX_Ber_Single)
                  0000c57c    00000052     cc1101_drv.obj (.text:i_Radio_Set_Freq)
                  0000c5ce    00000052     cc1101_drv.obj (.text:i_Radio_Wait_For_Idle)
                  0000c620    0000004c     rts430_eabi.lib : fs_toul.obj (.text)
                  0000c66c    0000004c                     : lsr16.obj (.text)
                  0000c6b8    00000042                     : autoinit.obj (.text:__TI_auto_init_nobinit_nopinit:__TI_auto_init_nobinit_nopinit)
                  0000c6fa    00000040     hal_spi_rf.obj (.text:trx8BitRegAccess)
                  0000c73a    0000003a     LaunchPad_trx_demo.obj (.text:ModRTU_CRC)
                  0000c774    00000032     rts430_eabi.lib : fs_ultof.obj (.text)
                  0000c7a6    00000030     ADC.obj (.text:v_Config_ADC)
                  0000c7d6    0000002c     rts430_eabi.lib : lsl16.obj (.text)
                  0000c802    0000002c     cc1101_utils.obj (.text:u8_Set_RF_Packet_Length)
                  0000c82e    0000002a     hal_spi_rf.obj (.text:trxSpiCmdStrobe)
                  0000c858    00000026     rts430_eabi.lib : mult32.obj (.text)
                  0000c87e    0000001c                     : boot.obj (.text:_c_int00_noargs)
                  0000c89a    0000001c     cc1101_drv.obj (.text:i_Radio_Send)
                  0000c8b6    0000001a     cc1101_drv.obj (.text:RADIO_ISR)
                  0000c8d0    00000016     rts430_eabi.lib : div16u.obj (.text)
                  0000c8e6    00000014                     : copy_zero_init.obj (.text:decompress:ZI:__TI_zero_init_nomemset:__TI_zero_init_nomemset)
                  0000c8fa    00000014                     : mult16.obj (.text)
                  0000c90e    00000012                     : copy_decompress_none.obj (.text:decompress:none:__TI_decompress_none)
                  0000c920    00000012                     : memcpy.obj (.text:memcpy)
                  0000c932    00000012     PPM.obj (.text:v_Config_Mode_Selection)
                  0000c944    00000010     rts430_eabi.lib : epilog.obj (.text)
                  0000c954    0000000e     hal_mcu.obj (.text:msp_setup)
                  0000c962    00000008     rts430_eabi.lib : isr_trap.obj (.text:_isr:__TI_ISR_TRAP)
                  0000c96a    00000006                     : exit.obj (.text:abort)
                  0000c970    00000004                     : pre_init.obj (.text:_system_pre_init)
                  0000c974    00000002                     : startup.obj (.text:_system_post_cinit)

.const     0    0000c976    00000058     
                  0000c976    00000058     cc1101_drv.obj (.const:preferredSettings_433mhz)

.cinit     0    0000c9ce    0000001e     
                  0000c9ce    0000000c     (.cinit..data.load) [load image, compression = lzss]
                  0000c9da    00000006     (__TI_handler_table)
                  0000c9e0    00000004     (.cinit..bss.load) [load image, compression = zero_init]
                  0000c9e4    00000008     (__TI_cinit_table)

.init_array 
*          0    0000c000    00000000     UNINITIALIZED

TRAPINT    0    0000ffe0    00000002     
                  0000ffe0    00000002     rts430_eabi.lib : int00.obj (.int00)

PORT1      0    0000ffe4    00000002     
                  0000ffe4    00000002     rts430_eabi.lib : int02.obj (.int02)

PORT2      0    0000ffe6    00000002     
                  0000ffe6    00000002     cc1101_drv.obj (.int03)

ADC10      0    0000ffea    00000002     
                  0000ffea    00000002     ADC.obj (.int05)

USCIAB0TX 
*          0    0000ffec    00000002     
                  0000ffec    00000002     rts430_eabi.lib : int06.obj (.int06)

USCIAB0RX 
*          0    0000ffee    00000002     
                  0000ffee    00000002     rts430_eabi.lib : int07.obj (.int07)

TIMER0_A1 
*          0    0000fff0    00000002     
                  0000fff0    00000002     rts430_eabi.lib : int08.obj (.int08)

TIMER0_A0 
*          0    0000fff2    00000002     
                  0000fff2    00000002     rts430_eabi.lib : int09.obj (.int09)

WDT        0    0000fff4    00000002     
                  0000fff4    00000002     rts430_eabi.lib : int10.obj (.int10)

COMPARATORA 
*          0    0000fff6    00000002     
                  0000fff6    00000002     rts430_eabi.lib : int11.obj (.int11)

TIMER1_A1 
*          0    0000fff8    00000002     
                  0000fff8    00000002     rts430_eabi.lib : int12.obj (.int12)

TIMER1_A0 
*          0    0000fffa    00000002     
                  0000fffa    00000002     rts430_eabi.lib : int13.obj (.int13)

NMI        0    0000fffc    00000002     
                  0000fffc    00000002     rts430_eabi.lib : int14.obj (.int14)

.reset     0    0000fffe    00000002     
                  0000fffe    00000002     rts430_eabi.lib : boot.obj (.reset)

$fill000   0    0000ffde    00000002     
                  0000ffde    00000002     --HOLE-- [fill = ffff]

MODULE SUMMARY

       Module                     code   ro data   rw data
       ------                     ----   -------   -------
    .\
       LaunchPad_trx_demo.obj     270    0         0      
       LaunchPad_trx_main.obj     94     0         134    
    +--+--------------------------+------+---------+---------+
       Total:                     364    0         134    
                                                          
    .\ADC\
       ADC.obj                    314    2         6      
    +--+--------------------------+------+---------+---------+
       Total:                     314    2         6      
                                                          
    .\PPM\
       PPM.obj                    112    0         2      
    +--+--------------------------+------+---------+---------+
       Total:                     112    0         2      
                                                          
    .\hal_mcu\
       hal_mcu.obj                14     0         0      
    +--+--------------------------+------+---------+---------+
       Total:                     14     0         0      
                                                          
    .\radio_drv\
       hal_spi_rf.obj             316    0         0      
    +--+--------------------------+------+---------+---------+
       Total:                     316    0         0      
                                                          
    .\radio_drv\cc1101_drv\
       cc1101_drv.obj             344    90        3      
       cc1101_utils.obj           166    0         0      
    +--+--------------------------+------+---------+---------+
       Total:                     510    90        3      
                                                          
    C:\ti\ccsv6\tools\compiler\ti-cgt-msp430_17.9.0.STS\lib\rts430_eabi.lib
       fs_div.obj                 156    0         0      
       copy_decompress_lzss.obj   124    0         0      
       fs_toul.obj                76     0         0      
       lsr16.obj                  76     0         0      
       autoinit.obj               66     0         0      
       fs_ultof.obj               50     0         0      
       lsl16.obj                  44     0         0      
       mult32.obj                 38     0         0      
       boot.obj                   28     2         0      
       div16u.obj                 22     0         0      
       copy_zero_init.obj         20     0         0      
       mult16.obj                 20     0         0      
       copy_decompress_none.obj   18     0         0      
       memcpy.obj                 18     0         0      
       epilog.obj                 16     0         0      
       isr_trap.obj               8      0         0      
       exit.obj                   6      0         0      
       pre_init.obj               4      0         0      
       int00.obj                  0      2         0      
       int02.obj                  0      2         0      
       int06.obj                  0      2         0      
       int07.obj                  0      2         0      
       int08.obj                  0      2         0      
       int09.obj                  0      2         0      
       int10.obj                  0      2         0      
       int11.obj                  0      2         0      
       int12.obj                  0      2         0      
       int13.obj                  0      2         0      
       int14.obj                  0      2         0      
       startup.obj                2      0         0      
    +--+--------------------------+------+---------+---------+
       Total:                     792    24        0      
                                                          
       Stack:                     0      0         80     
       Linker Generated:          0      30        0      
    +--+--------------------------+------+---------+---------+
       Grand Total:               2422   146       225    


LINKER GENERATED COPY TABLES

__TI_cinit_table @ 0000c9e4 records: 2, size/record: 4, table size: 8
	.data: load addr=0000c9ce, load size=0000000c bytes, run addr=00000270, run size=00000021 bytes, compression=lzss
	.bss: load addr=0000c9e0, load size=00000004 bytes, run addr=00000200, run size=00000070 bytes, compression=zero_init


LINKER GENERATED HANDLER TABLE

__TI_handler_table @ 0000c9da records: 3, size/record: 2, table size: 6
	index: 0, handler: __TI_zero_init
	index: 1, handler: __TI_decompress_lzss
	index: 2, handler: __TI_decompress_none


GLOBAL SYMBOLS: SORTED ALPHABETICALLY BY Name 

address   name                          
-------   ----                          
0000004a  ADC10AE0                      
000001b0  ADC10CTL0                     
000001b2  ADC10CTL1                     
00000048  ADC10DTC0                     
00000049  ADC10DTC1                     
000001b4  ADC10MEM                      
000001bc  ADC10SA                       
0000c09c  ADC10_ISR                     
00000057  BCSCTL1                       
00000058  BCSCTL2                       
00000053  BCSCTL3                       
0000c96a  C$$EXIT                       
00000059  CACTL1                        
0000005a  CACTL2                        
000010fb  CALBC1_12MHZ                  
000010f9  CALBC1_16MHZ                  
000010ff  CALBC1_1MHZ                   
000010fd  CALBC1_8MHZ                   
000010fa  CALDCO_12MHZ                  
000010f8  CALDCO_16MHZ                  
000010fe  CALDCO_1MHZ                   
000010fc  CALDCO_8MHZ                   
0000005b  CAPD                          
00000056  DCOCTL                        
00000128  FCTL1                         
0000012a  FCTL2                         
0000012c  FCTL3                         
00000000  IE1                           
00000001  IE2                           
00000002  IFG1                          
00000003  IFG2                          
00000022  P1DIR                         
00000025  P1IE                          
00000024  P1IES                         
00000023  P1IFG                         
00000020  P1IN                          
00000021  P1OUT                         
00000027  P1REN                         
00000026  P1SEL                         
00000041  P1SEL2                        
0000002a  P2DIR                         
0000002d  P2IE                          
0000002c  P2IES                         
0000002b  P2IFG                         
00000028  P2IN                          
00000029  P2OUT                         
0000002f  P2REN                         
0000002e  P2SEL                         
00000042  P2SEL2                        
0000001a  P3DIR                         
00000018  P3IN                          
00000019  P3OUT                         
00000010  P3REN                         
0000001b  P3SEL                         
00000043  P3SEL2                        
0000c8b6  RADIO_ISR                     
00000172  TA0CCR0                       
00000174  TA0CCR1                       
00000176  TA0CCR2                       
00000162  TA0CCTL0                      
00000164  TA0CCTL1                      
00000166  TA0CCTL2                      
00000160  TA0CTL                        
0000012e  TA0IV                         
00000170  TA0R                          
00000192  TA1CCR0                       
00000194  TA1CCR1                       
00000196  TA1CCR2                       
00000182  TA1CCTL0                      
00000184  TA1CCTL1                      
00000186  TA1CCTL2                      
00000180  TA1CTL                        
0000011e  TA1IV                         
00000190  TA1R                          
000010db  TLV_ADC10_1_LEN               
000010da  TLV_ADC10_1_TAG               
000010c0  TLV_CHECKSUM                  
000010f7  TLV_DCO_30_LEN                
000010f6  TLV_DCO_30_TAG                
0000005d  UCA0ABCTL                     
00000062  UCA0BR0                       
00000063  UCA0BR1                       
00000060  UCA0CTL0                      
00000061  UCA0CTL1                      
0000005f  UCA0IRRCTL                    
0000005e  UCA0IRTCTL                    
00000064  UCA0MCTL                      
00000066  UCA0RXBUF                     
00000065  UCA0STAT                      
00000067  UCA0TXBUF                     
0000006a  UCB0BR0                       
0000006b  UCB0BR1                       
00000068  UCB0CTL0                      
00000069  UCB0CTL1                      
0000006c  UCB0I2CIE                     
00000118  UCB0I2COA                     
0000011a  UCB0I2CSA                     
0000006e  UCB0RXBUF                     
0000006d  UCB0STAT                      
0000006f  UCB0TXBUF                     
00000120  WDTCTL                        
00000400  __STACK_END                   
00000050  __STACK_SIZE                  
0000c9e4  __TI_CINIT_Base               
0000c9ec  __TI_CINIT_Limit              
0000c9da  __TI_Handler_Table_Base       
0000c9e0  __TI_Handler_Table_Limit      
0000c962  __TI_ISR_TRAP                 
0000c6b8  __TI_auto_init_nobinit_nopinit
0000c22a  __TI_decompress_lzss          
0000c90e  __TI_decompress_none          
0000ffe0  __TI_int00                    
0000ffe4  __TI_int02                    
0000ffe6  __TI_int03                    
0000ffea  __TI_int05                    
0000ffec  __TI_int06                    
0000ffee  __TI_int07                    
0000fff0  __TI_int08                    
0000fff2  __TI_int09                    
0000fff4  __TI_int10                    
0000fff6  __TI_int11                    
0000fff8  __TI_int12                    
0000fffa  __TI_int13                    
0000fffc  __TI_int14                    
ffffffff  __TI_pprof_out_hndl           
ffffffff  __TI_prof_data_size           
ffffffff  __TI_prof_data_start          
0000c8e6  __TI_zero_init_nomemset       
ffffffff  __c_args__                    
0000c000  __mspabi_divf                 
0000c8d0  __mspabi_divu                 
0000c620  __mspabi_fixful               
0000c774  __mspabi_fltulf               
0000c950  __mspabi_func_epilog_1        
0000c94e  __mspabi_func_epilog_2        
0000c94c  __mspabi_func_epilog_3        
0000c94a  __mspabi_func_epilog_4        
0000c948  __mspabi_func_epilog_5        
0000c946  __mspabi_func_epilog_6        
0000c944  __mspabi_func_epilog_7        
0000c8fa  __mspabi_mpyi                 
0000c8fa  __mspabi_mpyi_sw              
0000c858  __mspabi_mpyl                 
0000c858  __mspabi_mpyl_sw              
0000c8d0  __mspabi_remu                 
0000c7d6  __mspabi_slli                 
0000c7fe  __mspabi_slli_1               
0000c7ec  __mspabi_slli_10              
0000c7ea  __mspabi_slli_11              
0000c7e8  __mspabi_slli_12              
0000c7e6  __mspabi_slli_13              
0000c7e4  __mspabi_slli_14              
0000c7e2  __mspabi_slli_15              
0000c7fc  __mspabi_slli_2               
0000c7fa  __mspabi_slli_3               
0000c7f8  __mspabi_slli_4               
0000c7f6  __mspabi_slli_5               
0000c7f4  __mspabi_slli_6               
0000c7f2  __mspabi_slli_7               
0000c7f0  __mspabi_slli_8               
0000c7ee  __mspabi_slli_9               
0000c66c  __mspabi_srli                 
0000c6b2  __mspabi_srli_1               
0000c68e  __mspabi_srli_10              
0000c68a  __mspabi_srli_11              
0000c686  __mspabi_srli_12              
0000c682  __mspabi_srli_13              
0000c67e  __mspabi_srli_14              
0000c67a  __mspabi_srli_15              
0000c6ae  __mspabi_srli_2               
0000c6aa  __mspabi_srli_3               
0000c6a6  __mspabi_srli_4               
0000c6a2  __mspabi_srli_5               
0000c69e  __mspabi_srli_6               
0000c69a  __mspabi_srli_7               
0000c696  __mspabi_srli_8               
0000c692  __mspabi_srli_9               
0000c87e  _c_int00_noargs               
0000fffe  _reset_vector                 
000003b0  _stack                        
0000c974  _system_post_cinit            
0000c970  _system_pre_init              
0000c96a  abort                         
00000260  au16_adc_result               
0000c2a6  c_Get_Device_ID               
0000c12e  i_Radio_Init                  
0000c89a  i_Radio_Send                  
0000c57c  i_Radio_Set_Freq              
0000c5ce  i_Radio_Wait_For_Idle         
0000c412  main                          
0000c920  memcpy                        
0000c954  msp_setup                     
0000026e  paTable                       
0000c976  preferredSettings_433mhz      
00000290  rf_end_packet                 
0000c6fa  trx8BitRegAccess              
0000c4ce  trxRfSpiInterfaceInit         
0000c82e  trxSpiCmdStrobe               
00000240  trx_cfg                       
00000200  txBuffer                      
0000c39a  u16_Throttle_Get_Value        
00000270  u16_channel                   
0000c802  u8_Set_RF_Packet_Length       
0000c7a6  v_Config_ADC                  
0000c932  v_Config_Mode_Selection       
0000c1ac  v_RF_Default_Setup            
0000c470  v_Read_Mode                   
0000c526  v_TX_Ber_Single               


GLOBAL SYMBOLS: SORTED BY Symbol Address 

address   name                          
-------   ----                          
00000000  IE1                           
00000001  IE2                           
00000002  IFG1                          
00000003  IFG2                          
00000010  P3REN                         
00000018  P3IN                          
00000019  P3OUT                         
0000001a  P3DIR                         
0000001b  P3SEL                         
00000020  P1IN                          
00000021  P1OUT                         
00000022  P1DIR                         
00000023  P1IFG                         
00000024  P1IES                         
00000025  P1IE                          
00000026  P1SEL                         
00000027  P1REN                         
00000028  P2IN                          
00000029  P2OUT                         
0000002a  P2DIR                         
0000002b  P2IFG                         
0000002c  P2IES                         
0000002d  P2IE                          
0000002e  P2SEL                         
0000002f  P2REN                         
00000041  P1SEL2                        
00000042  P2SEL2                        
00000043  P3SEL2                        
00000048  ADC10DTC0                     
00000049  ADC10DTC1                     
0000004a  ADC10AE0                      
00000050  __STACK_SIZE                  
00000053  BCSCTL3                       
00000056  DCOCTL                        
00000057  BCSCTL1                       
00000058  BCSCTL2                       
00000059  CACTL1                        
0000005a  CACTL2                        
0000005b  CAPD                          
0000005d  UCA0ABCTL                     
0000005e  UCA0IRTCTL                    
0000005f  UCA0IRRCTL                    
00000060  UCA0CTL0                      
00000061  UCA0CTL1                      
00000062  UCA0BR0                       
00000063  UCA0BR1                       
00000064  UCA0MCTL                      
00000065  UCA0STAT                      
00000066  UCA0RXBUF                     
00000067  UCA0TXBUF                     
00000068  UCB0CTL0                      
00000069  UCB0CTL1                      
0000006a  UCB0BR0                       
0000006b  UCB0BR1                       
0000006c  UCB0I2CIE                     
0000006d  UCB0STAT                      
0000006e  UCB0RXBUF                     
0000006f  UCB0TXBUF                     
00000118  UCB0I2COA                     
0000011a  UCB0I2CSA                     
0000011e  TA1IV                         
00000120  WDTCTL                        
00000128  FCTL1                         
0000012a  FCTL2                         
0000012c  FCTL3                         
0000012e  TA0IV                         
00000160  TA0CTL                        
00000162  TA0CCTL0                      
00000164  TA0CCTL1                      
00000166  TA0CCTL2                      
00000170  TA0R                          
00000172  TA0CCR0                       
00000174  TA0CCR1                       
00000176  TA0CCR2                       
00000180  TA1CTL                        
00000182  TA1CCTL0                      
00000184  TA1CCTL1                      
00000186  TA1CCTL2                      
00000190  TA1R                          
00000192  TA1CCR0                       
00000194  TA1CCR1                       
00000196  TA1CCR2                       
000001b0  ADC10CTL0                     
000001b2  ADC10CTL1                     
000001b4  ADC10MEM                      
000001bc  ADC10SA                       
00000200  txBuffer                      
00000240  trx_cfg                       
00000260  au16_adc_result               
0000026e  paTable                       
00000270  u16_channel                   
00000290  rf_end_packet                 
000003b0  _stack                        
00000400  __STACK_END                   
000010c0  TLV_CHECKSUM                  
000010da  TLV_ADC10_1_TAG               
000010db  TLV_ADC10_1_LEN               
000010f6  TLV_DCO_30_TAG                
000010f7  TLV_DCO_30_LEN                
000010f8  CALDCO_16MHZ                  
000010f9  CALBC1_16MHZ                  
000010fa  CALDCO_12MHZ                  
000010fb  CALBC1_12MHZ                  
000010fc  CALDCO_8MHZ                   
000010fd  CALBC1_8MHZ                   
000010fe  CALDCO_1MHZ                   
000010ff  CALBC1_1MHZ                   
0000c000  __mspabi_divf                 
0000c09c  ADC10_ISR                     
0000c12e  i_Radio_Init                  
0000c1ac  v_RF_Default_Setup            
0000c22a  __TI_decompress_lzss          
0000c2a6  c_Get_Device_ID               
0000c39a  u16_Throttle_Get_Value        
0000c412  main                          
0000c470  v_Read_Mode                   
0000c4ce  trxRfSpiInterfaceInit         
0000c526  v_TX_Ber_Single               
0000c57c  i_Radio_Set_Freq              
0000c5ce  i_Radio_Wait_For_Idle         
0000c620  __mspabi_fixful               
0000c66c  __mspabi_srli                 
0000c67a  __mspabi_srli_15              
0000c67e  __mspabi_srli_14              
0000c682  __mspabi_srli_13              
0000c686  __mspabi_srli_12              
0000c68a  __mspabi_srli_11              
0000c68e  __mspabi_srli_10              
0000c692  __mspabi_srli_9               
0000c696  __mspabi_srli_8               
0000c69a  __mspabi_srli_7               
0000c69e  __mspabi_srli_6               
0000c6a2  __mspabi_srli_5               
0000c6a6  __mspabi_srli_4               
0000c6aa  __mspabi_srli_3               
0000c6ae  __mspabi_srli_2               
0000c6b2  __mspabi_srli_1               
0000c6b8  __TI_auto_init_nobinit_nopinit
0000c6fa  trx8BitRegAccess              
0000c774  __mspabi_fltulf               
0000c7a6  v_Config_ADC                  
0000c7d6  __mspabi_slli                 
0000c7e2  __mspabi_slli_15              
0000c7e4  __mspabi_slli_14              
0000c7e6  __mspabi_slli_13              
0000c7e8  __mspabi_slli_12              
0000c7ea  __mspabi_slli_11              
0000c7ec  __mspabi_slli_10              
0000c7ee  __mspabi_slli_9               
0000c7f0  __mspabi_slli_8               
0000c7f2  __mspabi_slli_7               
0000c7f4  __mspabi_slli_6               
0000c7f6  __mspabi_slli_5               
0000c7f8  __mspabi_slli_4               
0000c7fa  __mspabi_slli_3               
0000c7fc  __mspabi_slli_2               
0000c7fe  __mspabi_slli_1               
0000c802  u8_Set_RF_Packet_Length       
0000c82e  trxSpiCmdStrobe               
0000c858  __mspabi_mpyl                 
0000c858  __mspabi_mpyl_sw              
0000c87e  _c_int00_noargs               
0000c89a  i_Radio_Send                  
0000c8b6  RADIO_ISR                     
0000c8d0  __mspabi_divu                 
0000c8d0  __mspabi_remu                 
0000c8e6  __TI_zero_init_nomemset       
0000c8fa  __mspabi_mpyi                 
0000c8fa  __mspabi_mpyi_sw              
0000c90e  __TI_decompress_none          
0000c920  memcpy                        
0000c932  v_Config_Mode_Selection       
0000c944  __mspabi_func_epilog_7        
0000c946  __mspabi_func_epilog_6        
0000c948  __mspabi_func_epilog_5        
0000c94a  __mspabi_func_epilog_4        
0000c94c  __mspabi_func_epilog_3        
0000c94e  __mspabi_func_epilog_2        
0000c950  __mspabi_func_epilog_1        
0000c954  msp_setup                     
0000c962  __TI_ISR_TRAP                 
0000c96a  C$$EXIT                       
0000c96a  abort                         
0000c970  _system_pre_init              
0000c974  _system_post_cinit            
0000c976  preferredSettings_433mhz      
0000c9da  __TI_Handler_Table_Base       
0000c9e0  __TI_Handler_Table_Limit      
0000c9e4  __TI_CINIT_Base               
0000c9ec  __TI_CINIT_Limit              
0000ffe0  __TI_int00                    
0000ffe4  __TI_int02                    
0000ffe6  __TI_int03                    
0000ffea  __TI_int05                    
0000ffec  __TI_int06                    
0000ffee  __TI_int07                    
0000fff0  __TI_int08                    
0000fff2  __TI_int09                    
0000fff4  __TI_int10                    
0000fff6  __TI_int11                    
0000fff8  __TI_int12                    
0000fffa  __TI_int13                    
0000fffc  __TI_int14                    
0000fffe  _reset_vector                 
ffffffff  __TI_pprof_out_hndl           
ffffffff  __TI_prof_data_size           
ffffffff  __TI_prof_data_start          
ffffffff  __c_args__                    

[208 symbols]
